Archive member included to satisfy reference by file (symbol)

C:/ST/STM32CubeIDE_1.14.1/STM32CubeIDE/plugins/com.st.stm32cube.ide.mcu.externaltools.gnu-tools-for-stm32.11.3.rel1.win32_1.1.100.202309141235/tools/bin/../lib/gcc/arm-none-eabi/11.3.1/../../../../arm-none-eabi/lib/thumb/v7e-m+fp/hard\libc_nano.a(libc_a-exit.o)
                              C:/ST/STM32CubeIDE_1.14.1/STM32CubeIDE/plugins/com.st.stm32cube.ide.mcu.externaltools.gnu-tools-for-stm32.11.3.rel1.win32_1.1.100.202309141235/tools/bin/../lib/gcc/arm-none-eabi/11.3.1/../../../../arm-none-eabi/lib/thumb/v7e-m+fp/hard/crt0.o (exit)
C:/ST/STM32CubeIDE_1.14.1/STM32CubeIDE/plugins/com.st.stm32cube.ide.mcu.externaltools.gnu-tools-for-stm32.11.3.rel1.win32_1.1.100.202309141235/tools/bin/../lib/gcc/arm-none-eabi/11.3.1/../../../../arm-none-eabi/lib/thumb/v7e-m+fp/hard\libc_nano.a(libc_a-findfp.o)
                              C:/ST/STM32CubeIDE_1.14.1/STM32CubeIDE/plugins/com.st.stm32cube.ide.mcu.externaltools.gnu-tools-for-stm32.11.3.rel1.win32_1.1.100.202309141235/tools/bin/../lib/gcc/arm-none-eabi/11.3.1/../../../../arm-none-eabi/lib/thumb/v7e-m+fp/hard\libc_nano.a(libc_a-exit.o) (__stdio_exit_handler)
C:/ST/STM32CubeIDE_1.14.1/STM32CubeIDE/plugins/com.st.stm32cube.ide.mcu.externaltools.gnu-tools-for-stm32.11.3.rel1.win32_1.1.100.202309141235/tools/bin/../lib/gcc/arm-none-eabi/11.3.1/../../../../arm-none-eabi/lib/thumb/v7e-m+fp/hard\libc_nano.a(libc_a-fwalk.o)
                              C:/ST/STM32CubeIDE_1.14.1/STM32CubeIDE/plugins/com.st.stm32cube.ide.mcu.externaltools.gnu-tools-for-stm32.11.3.rel1.win32_1.1.100.202309141235/tools/bin/../lib/gcc/arm-none-eabi/11.3.1/../../../../arm-none-eabi/lib/thumb/v7e-m+fp/hard\libc_nano.a(libc_a-findfp.o) (_fwalk_sglue)
C:/ST/STM32CubeIDE_1.14.1/STM32CubeIDE/plugins/com.st.stm32cube.ide.mcu.externaltools.gnu-tools-for-stm32.11.3.rel1.win32_1.1.100.202309141235/tools/bin/../lib/gcc/arm-none-eabi/11.3.1/../../../../arm-none-eabi/lib/thumb/v7e-m+fp/hard\libc_nano.a(libc_a-stdio.o)
                              C:/ST/STM32CubeIDE_1.14.1/STM32CubeIDE/plugins/com.st.stm32cube.ide.mcu.externaltools.gnu-tools-for-stm32.11.3.rel1.win32_1.1.100.202309141235/tools/bin/../lib/gcc/arm-none-eabi/11.3.1/../../../../arm-none-eabi/lib/thumb/v7e-m+fp/hard\libc_nano.a(libc_a-findfp.o) (__sread)
C:/ST/STM32CubeIDE_1.14.1/STM32CubeIDE/plugins/com.st.stm32cube.ide.mcu.externaltools.gnu-tools-for-stm32.11.3.rel1.win32_1.1.100.202309141235/tools/bin/../lib/gcc/arm-none-eabi/11.3.1/../../../../arm-none-eabi/lib/thumb/v7e-m+fp/hard\libc_nano.a(libc_a-memset.o)
                              C:/ST/STM32CubeIDE_1.14.1/STM32CubeIDE/plugins/com.st.stm32cube.ide.mcu.externaltools.gnu-tools-for-stm32.11.3.rel1.win32_1.1.100.202309141235/tools/bin/../lib/gcc/arm-none-eabi/11.3.1/../../../../arm-none-eabi/lib/thumb/v7e-m+fp/hard/crt0.o (memset)
C:/ST/STM32CubeIDE_1.14.1/STM32CubeIDE/plugins/com.st.stm32cube.ide.mcu.externaltools.gnu-tools-for-stm32.11.3.rel1.win32_1.1.100.202309141235/tools/bin/../lib/gcc/arm-none-eabi/11.3.1/../../../../arm-none-eabi/lib/thumb/v7e-m+fp/hard\libc_nano.a(libc_a-closer.o)
                              C:/ST/STM32CubeIDE_1.14.1/STM32CubeIDE/plugins/com.st.stm32cube.ide.mcu.externaltools.gnu-tools-for-stm32.11.3.rel1.win32_1.1.100.202309141235/tools/bin/../lib/gcc/arm-none-eabi/11.3.1/../../../../arm-none-eabi/lib/thumb/v7e-m+fp/hard\libc_nano.a(libc_a-stdio.o) (_close_r)
C:/ST/STM32CubeIDE_1.14.1/STM32CubeIDE/plugins/com.st.stm32cube.ide.mcu.externaltools.gnu-tools-for-stm32.11.3.rel1.win32_1.1.100.202309141235/tools/bin/../lib/gcc/arm-none-eabi/11.3.1/../../../../arm-none-eabi/lib/thumb/v7e-m+fp/hard\libc_nano.a(libc_a-reent.o)
                              C:/ST/STM32CubeIDE_1.14.1/STM32CubeIDE/plugins/com.st.stm32cube.ide.mcu.externaltools.gnu-tools-for-stm32.11.3.rel1.win32_1.1.100.202309141235/tools/bin/../lib/gcc/arm-none-eabi/11.3.1/../../../../arm-none-eabi/lib/thumb/v7e-m+fp/hard\libc_nano.a(libc_a-closer.o) (errno)
C:/ST/STM32CubeIDE_1.14.1/STM32CubeIDE/plugins/com.st.stm32cube.ide.mcu.externaltools.gnu-tools-for-stm32.11.3.rel1.win32_1.1.100.202309141235/tools/bin/../lib/gcc/arm-none-eabi/11.3.1/../../../../arm-none-eabi/lib/thumb/v7e-m+fp/hard\libc_nano.a(libc_a-impure.o)
                              C:/ST/STM32CubeIDE_1.14.1/STM32CubeIDE/plugins/com.st.stm32cube.ide.mcu.externaltools.gnu-tools-for-stm32.11.3.rel1.win32_1.1.100.202309141235/tools/bin/../lib/gcc/arm-none-eabi/11.3.1/../../../../arm-none-eabi/lib/thumb/v7e-m+fp/hard\libc_nano.a(libc_a-reent.o) (_impure_ptr)
C:/ST/STM32CubeIDE_1.14.1/STM32CubeIDE/plugins/com.st.stm32cube.ide.mcu.externaltools.gnu-tools-for-stm32.11.3.rel1.win32_1.1.100.202309141235/tools/bin/../lib/gcc/arm-none-eabi/11.3.1/../../../../arm-none-eabi/lib/thumb/v7e-m+fp/hard\libc_nano.a(libc_a-lseekr.o)
[...]
Memory Configuration

Name             Origin             Length             Attributes
RAM              0x0000000020000000 0x0000000000020000 xrw
FLASH            0x0000000008000000 0x0000000000080000 xr
*default*        0x0000000000000000 0xffffffffffffffff

Linker script and memory map

LOAD C:/ST/STM32CubeIDE_1.14.1/STM32CubeIDE/plugins/com.st.stm32cube.ide.mcu.externaltools.gnu-tools-for-stm32.11.3.rel1.win32_1.1.100.202309141235/tools/bin/../lib/gcc/arm-none-eabi/11.3.1/thumb/v7e-m+fp/hard/crti.o
LOAD C:/ST/STM32CubeIDE_1.14.1/STM32CubeIDE/plugins/com.st.stm32cube.ide.mcu.externaltools.gnu-tools-for-stm32.11.3.rel1.win32_1.1.100.202309141235/tools/bin/../lib/gcc/arm-none-eabi/11.3.1/thumb/v7e-m+fp/hard/crtbegin.o
LOAD C:/ST/STM32CubeIDE_1.14.1/STM32CubeIDE/plugins/com.st.stm32cube.ide.mcu.externaltools.gnu-tools-for-stm32.11.3.rel1.win32_1.1.100.202309141235/tools/bin/../lib/gcc/arm-none-eabi/11.3.1/../../../../arm-none-eabi/lib/thumb/v7e-m+fp/hard/crt0.o
LOAD ./Core/Src/adc.o
LOAD ./Core/Src/can.o
LOAD ./Core/Src/gpio.o
LOAD ./Core/Src/main.o
LOAD ./Core/Src/stm32f4xx_hal_msp.o
LOAD ./Core/Src/stm32f4xx_it.o
LOAD ./Core/Src/syscalls.o
LOAD ./Core/Src/sysmem.o
LOAD ./Core/Src/system_stm32f4xx.o
LOAD ./Core/Src/tim.o
LOAD ./Core/Src/usart.o
LOAD ./Core/Startup/startup_stm32f446retx.o
LOAD ./Drivers/STM32F4xx_HAL_Driver/Src/stm32f4xx_hal.o
LOAD ./Drivers/STM32F4xx_HAL_Driver/Src/stm32f4xx_hal_adc.o
LOAD ./Drivers/STM32F4xx_HAL_Driver/Src/stm32f4xx_hal_adc_ex.o
LOAD ./Drivers/STM32F4xx_HAL_Driver/Src/stm32f4xx_hal_can.o
LOAD ./Drivers/STM32F4xx_HAL_Driver/Src/stm32f4xx_hal_cortex.o
LOAD ./Drivers/STM32F4xx_HAL_Driver/Src/stm32f4xx_hal_dma.o
LOAD ./Drivers/STM32F4xx_HAL_Driver/Src/stm32f4xx_hal_dma_ex.o
LOAD ./Drivers/STM32F4xx_HAL_Driver/Src/stm32f4xx_hal_exti.o
LOAD ./Drivers/STM32F4xx_HAL_Driver/Src/stm32f4xx_hal_flash.o
LOAD ./Drivers/STM32F4xx_HAL_Driver/Src/stm32f4xx_hal_flash_ex.o
LOAD ./Drivers/STM32F4xx_HAL_Driver/Src/stm32f4xx_hal_flash_ramfunc.o
LOAD ./Drivers/STM32F4xx_HAL_Driver/Src/stm32f4xx_hal_gpio.o
LOAD ./Drivers/STM32F4xx_HAL_Driver/Src/stm32f4xx_hal_pwr.o
LOAD ./Drivers/STM32F4xx_HAL_Driver/Src/stm32f4xx_hal_pwr_ex.o
LOAD ./Drivers/STM32F4xx_HAL_Driver/Src/stm32f4xx_hal_rcc.o
LOAD ./Drivers/STM32F4xx_HAL_Driver/Src/stm32f4xx_hal_rcc_ex.o
LOAD ./Drivers/STM32F4xx_HAL_Driver/Src/stm32f4xx_hal_tim.o
LOAD ./Drivers/STM32F4xx_HAL_Driver/Src/stm32f4xx_hal_tim_ex.o
LOAD ./Drivers/STM32F4xx_HAL_Driver/Src/stm32f4xx_hal_uart.o
LOAD ./Drivers/STM32F4xx_HAL_Driver/Src/stm32f4xx_ll_adc.o
LOAD ./Sensors/Src/pitch.o
LOAD ./Sensors/Src/rpm.o
LOAD ./Sensors/Src/torque.o
START GROUP
LOAD C:/ST/STM32CubeIDE_1.14.1/STM32CubeIDE/plugins/com.st.stm32cube.ide.mcu.externaltools.gnu-tools-for-stm32.11.3.rel1.win32_1.1.100.202309141235/tools/bin/../lib/gcc/arm-none-eabi/11.3.1/../../../../arm-none-eabi/lib/thumb/v7e-m+fp/hard\libc_nano.a
LOAD C:/ST/STM32CubeIDE_1.14.1/STM32CubeIDE/plugins/com.st.stm32cube.ide.mcu.externaltools.gnu-tools-for-stm32.11.3.rel1.win32_1.1.100.202309141235/tools/bin/../lib/gcc/arm-none-eabi/11.3.1/../../../../arm-none-eabi/lib/thumb/v7e-m+fp/hard\libm.a
END GROUP
START GROUP
LOAD C:/ST/STM32CubeIDE_1.14.1/STM32CubeIDE/plugins/com.st.stm32cube.ide.mcu.externaltools.gnu-tools-for-stm32.11.3.rel1.win32_1.1.100.202309141235/tools/bin/../lib/gcc/arm-none-eabi/11.3.1/thumb/v7e-m+fp/hard\libgcc.a
LOAD C:/ST/STM32CubeIDE_1.14.1/STM32CubeIDE/plugins/com.st.stm32cube.ide.mcu.externaltools.gnu-tools-for-stm32.11.3.rel1.win32_1.1.100.202309141235/tools/bin/../lib/gcc/arm-none-eabi/11.3.1/../../../../arm-none-eabi/lib/thumb/v7e-m+fp/hard\libc_nano.a
END GROUP
START GROUP
LOAD C:/ST/STM32CubeIDE_1.14.1/STM32CubeIDE/plugins/com.st.stm32cube.ide.mcu.externaltools.gnu-tools-for-stm32.11.3.rel1.win32_1.1.100.202309141235/tools/bin/../lib/gcc/arm-none-eabi/11.3.1/thumb/v7e-m+fp/hard\libgcc.a
LOAD C:/ST/STM32CubeIDE_1.14.1/STM32CubeIDE/plugins/com.st.stm32cube.ide.mcu.externaltools.gnu-tools-for-stm32.11.3.rel1.win32_1.1.100.202309141235/tools/bin/../lib/gcc/arm-none-eabi/11.3.1/../../../../arm-none-eabi/lib/thumb/v7e-m+fp/hard\libc_nano.a
LOAD C:/ST/STM32CubeIDE_1.14.1/STM32CubeIDE/plugins/com.st.stm32cube.ide.mcu.externaltools.gnu-tools-for-stm32.11.3.rel1.win32_1.1.100.202309141235/tools/bin/../lib/gcc/arm-none-eabi/11.3.1/../../../../arm-none-eabi/lib/thumb/v7e-m+fp/hard\libnosys.a
END GROUP
START GROUP
LOAD C:/ST/STM32CubeIDE_1.14.1/STM32CubeIDE/plugins/com.st.stm32cube.ide.mcu.externaltools.gnu-tools-for-stm32.11.3.rel1.win32_1.1.100.202309141235/tools/bin/../lib/gcc/arm-none-eabi/11.3.1/thumb/v7e-m+fp/hard\libgcc.a
LOAD C:/ST/STM32CubeIDE_1.14.1/STM32CubeIDE/plugins/com.st.stm32cube.ide.mcu.externaltools.gnu-tools-for-stm32.11.3.rel1.win32_1.1.100.202309141235/tools/bin/../lib/gcc/arm-none-eabi/11.3.1/../../../../arm-none-eabi/lib/thumb/v7e-m+fp/hard\libc_nano.a
LOAD C:/ST/STM32CubeIDE_1.14.1/STM32CubeIDE/plugins/com.st.stm32cube.ide.mcu.externaltools.gnu-tools-for-stm32.11.3.rel1.win32_1.1.100.202309141235/tools/bin/../lib/gcc/arm-none-eabi/11.3.1/../../../../arm-none-eabi/lib/thumb/v7e-m+fp/hard\libnosys.a
END GROUP
LOAD C:/ST/STM32CubeIDE_1.14.1/STM32CubeIDE/plugins/com.st.stm32cube.ide.mcu.externaltools.gnu-tools-for-stm32.11.3.rel1.win32_1.1.100.202309141235/tools/bin/../lib/gcc/arm-none-eabi/11.3.1/thumb/v7e-m+fp/hard/crtend.o
LOAD C:/ST/STM32CubeIDE_1.14.1/STM32CubeIDE/plugins/com.st.stm32cube.ide.mcu.externaltools.gnu-tools-for-stm32.11.3.rel1.win32_1.1.100.202309141235/tools/bin/../lib/gcc/arm-none-eabi/11.3.1/thumb/v7e-m+fp/hard/crtn.o
                0x0000000020020000                _estack = (ORIGIN (RAM) + LENGTH (RAM))
                0x0000000000000200                _Min_Heap_Size = 0x200
                0x0000000000000400                _Min_Stack_Size = 0x400

.isr_vector     0x0000000008000000      0x1c4
                0x0000000008000000                . = ALIGN (0x4)
 *(.isr_vector)
 .isr_vector    0x0000000008000000      0x1c4 ./Core/Startup/startup_stm32f446retx.o
                0x0000000008000000                g_pfnVectors
                0x00000000080001c4                . = ALIGN (0x4)

.text           0x00000000080001c4     0x4da0
                0x00000000080001c4                . = ALIGN (0x4)
 *(.text)
 .text          0x00000000080001c4       0x40 C:/ST/STM32CubeIDE_1.14.1/STM32CubeIDE/plugins/com.st.stm32cube.ide.mcu.externaltools.gnu-tools-for-stm32.11.3.rel1.win32_1.1.100.202309141235/tools/bin/../lib/gcc/arm-none-eabi/11.3.1/thumb/v7e-m+fp/hard/crtbegin.o
 .text          0x0000000008000204       0x30 C:/ST/STM32CubeIDE_1.14.1/STM32CubeIDE/plugins/com.st.stm32cube.ide.mcu.externaltools.gnu-tools-for-stm32.11.3.rel1.win32_1.1.100.202309141235/tools/bin/../lib/gcc/arm-none-eabi/11.3.1/thumb/v7e-m+fp/hard\libgcc.a(_aeabi_uldivmod.o)
                0x0000000008000204                __aeabi_uldivmod
 .text          0x0000000008000234      0x2c8 C:/ST/STM32CubeIDE_1.14.1/STM32CubeIDE/plugins/com.st.stm32cube.ide.mcu.externaltools.gnu-tools-for-stm32.11.3.rel1.win32_1.1.100.202309141235/tools/bin/../lib/gcc/arm-none-eabi/11.3.1/thumb/v7e-m+fp/hard\libgcc.a(_udivmoddi4.o)
                0x0000000008000234                __udivmoddi4
 .text          0x00000000080004fc        0x4 C:/ST/STM32CubeIDE_1.14.1/STM32CubeIDE/plugins/com.st.stm32cube.ide.mcu.externaltools.gnu-tools-for-stm32.11.3.rel1.win32_1.1.100.202309141235/tools/bin/../lib/gcc/arm-none-eabi/11.3.1/thumb/v7e-m+fp/hard\libgcc.a(_dvmd_tls.o)
                0x00000000080004fc                __aeabi_idiv0
                0x00000000080004fc                __aeabi_ldiv0
 *(.text*)
 .text.MX_ADC1_Init
                0x0000000008000500       0xa4 ./Core/Src/adc.o
                0x0000000008000500                MX_ADC1_Init
 .text.HAL_ADC_MspInit
                0x00000000080005a4       0x98 ./Core/Src/adc.o
                0x00000000080005a4                HAL_ADC_MspInit
 .text.MX_CAN1_Init
                0x000000000800063c       0x68 ./Core/Src/can.o
                0x000000000800063c                MX_CAN1_Init
 .text.HAL_CAN_MspInit
                0x00000000080006a4       0x90 ./Core/Src/can.o
                0x00000000080006a4                HAL_CAN_MspInit
 .text.MX_GPIO_Init
                0x0000000008000734      0x144 ./Core/Src/gpio.o
                0x0000000008000734                MX_GPIO_Init
 .text.main     0x0000000008000878       0x8c ./Core/Src/main.o
                0x0000000008000878                main
 .text.SystemClock_Config
                0x0000000008000904       0xd8 ./Core/Src/main.o
                0x0000000008000904                SystemClock_Config
 .text.Error_Handler
                0x00000000080009dc        0xa ./Core/Src/main.o
                0x00000000080009dc                Error_Handler
 *fill*         0x00000000080009e6        0x2 
 .text.HAL_MspInit
                0x00000000080009e8       0x50 ./Core/Src/stm32f4xx_hal_msp.o
                0x00000000080009e8                HAL_MspInit
 .text.NMI_Handler
                0x0000000008000a38        0x6 ./Core/Src/stm32f4xx_it.o
                0x0000000008000a38                NMI_Handler
 .text.HardFault_Handler
                0x0000000008000a3e        0x6 ./Core/Src/stm32f4xx_it.o
                0x0000000008000a3e                HardFault_Handler
 .text.MemManage_Handler
                0x0000000008000a44        0x6 ./Core/Src/stm32f4xx_it.o
                0x0000000008000a44                MemManage_Handler
 .text.BusFault_Handler
                0x0000000008000a4a        0x6 ./Core/Src/stm32f4xx_it.o
                0x0000000008000a4a                BusFault_Handler
 .text.UsageFault_Handler
                0x0000000008000a50        0x6 ./Core/Src/stm32f4xx_it.o
                0x0000000008000a50                UsageFault_Handler
 .text.SVC_Handler
                0x0000000008000a56        0xe ./Core/Src/stm32f4xx_it.o
                0x0000000008000a56                SVC_Handler
 .text.DebugMon_Handler
                0x0000000008000a64        0xe ./Core/Src/stm32f4xx_it.o
                0x0000000008000a64                DebugMon_Handler
 .text.PendSV_Handler
                0x0000000008000a72        0xe ./Core/Src/stm32f4xx_it.o
                0x0000000008000a72                PendSV_Handler
 .text.SysTick_Handler
                0x0000000008000a80        0xc ./Core/Src/stm32f4xx_it.o
                0x0000000008000a80                SysTick_Handler
 .text.EXTI0_IRQHandler
                0x0000000008000a8c        0xe ./Core/Src/stm32f4xx_it.o
                0x0000000008000a8c                EXTI0_IRQHandler
 *fill*         0x0000000008000a9a        0x2 
 .text.ADC_IRQHandler
                0x0000000008000a9c       0x14 ./Core/Src/stm32f4xx_it.o
                0x0000000008000a9c                ADC_IRQHandler
 .text.TIM2_IRQHandler
                0x0000000008000ab0       0x14 ./Core/Src/stm32f4xx_it.o
                0x0000000008000ab0                TIM2_IRQHandler
 .text.UART5_IRQHandler
                0x0000000008000ac4       0x14 ./Core/Src/stm32f4xx_it.o
                0x0000000008000ac4                UART5_IRQHandler
 .text.SystemInit
                0x0000000008000ad8       0x24 ./Core/Src/system_stm32f4xx.o
                0x0000000008000ad8                SystemInit
 .text.MX_TIM2_Init
                0x0000000008000afc       0xe8 ./Core/Src/tim.o
                0x0000000008000afc                MX_TIM2_Init
 .text.MX_TIM3_Init
                0x0000000008000be4       0xe8 ./Core/Src/tim.o
                0x0000000008000be4                MX_TIM3_Init
 .text.HAL_TIM_Base_MspInit
                0x0000000008000ccc       0x78 ./Core/Src/tim.o
                0x0000000008000ccc                HAL_TIM_Base_MspInit
 .text.MX_UART5_Init
                0x0000000008000d44       0x54 ./Core/Src/usart.o
                0x0000000008000d44                MX_UART5_Init
 .text.HAL_UART_MspInit
                0x0000000008000d98       0xe0 ./Core/Src/usart.o
                0x0000000008000d98                HAL_UART_MspInit
 .text.Reset_Handler
                0x0000000008000e78       0x50 ./Core/Startup/startup_stm32f446retx.o
                0x0000000008000e78                Reset_Handler
 .text.Default_Handler
                0x0000000008000ec8        0x2 ./Core/Startup/startup_stm32f446retx.o
                0x0000000008000ec8                RTC_Alarm_IRQHandler
                0x0000000008000ec8                EXTI2_IRQHandler
                0x0000000008000ec8                TIM8_CC_IRQHandler
                0x0000000008000ec8                FMPI2C1_EV_IRQHandler
                0x0000000008000ec8                SPI4_IRQHandler
                0x0000000008000ec8                TIM1_CC_IRQHandler
                0x0000000008000ec8                DMA2_Stream5_IRQHandler
                0x0000000008000ec8                DMA1_Stream5_IRQHandler
                0x0000000008000ec8                PVD_IRQHandler
                0x0000000008000ec8                SDIO_IRQHandler
                0x0000000008000ec8                TAMP_STAMP_IRQHandler
                0x0000000008000ec8                CAN2_RX1_IRQHandler
                0x0000000008000ec8                EXTI3_IRQHandler
                0x0000000008000ec8                TIM8_TRG_COM_TIM14_IRQHandler
                0x0000000008000ec8                TIM1_UP_TIM10_IRQHandler
                0x0000000008000ec8                TIM8_UP_TIM13_IRQHandler
                0x0000000008000ec8                I2C3_ER_IRQHandler
                0x0000000008000ec8                I2C2_EV_IRQHandler
                0x0000000008000ec8                DMA1_Stream2_IRQHandler
                0x0000000008000ec8                CAN1_RX0_IRQHandler
                0x0000000008000ec8                FPU_IRQHandler
                0x0000000008000ec8                OTG_HS_WKUP_IRQHandler
                0x0000000008000ec8                CAN2_SCE_IRQHandler
                0x0000000008000ec8                DMA2_Stream2_IRQHandler
                0x0000000008000ec8                SPI1_IRQHandler
                0x0000000008000ec8                TIM6_DAC_IRQHandler
                0x0000000008000ec8                TIM1_BRK_TIM9_IRQHandler
                0x0000000008000ec8                DCMI_IRQHandler
                0x0000000008000ec8                CAN2_RX0_IRQHandler
                0x0000000008000ec8                DMA2_Stream3_IRQHandler
                0x0000000008000ec8                SAI2_IRQHandler
                0x0000000008000ec8                USART6_IRQHandler
                0x0000000008000ec8                USART3_IRQHandler
                0x0000000008000ec8                CAN1_RX1_IRQHandler
                0x0000000008000ec8                DMA2_Stream0_IRQHandler
                0x0000000008000ec8                TIM4_IRQHandler
                0x0000000008000ec8                QUADSPI_IRQHandler
                0x0000000008000ec8                I2C1_EV_IRQHandler
                0x0000000008000ec8                DMA1_Stream6_IRQHandler
                0x0000000008000ec8                DMA1_Stream1_IRQHandler
                0x0000000008000ec8                UART4_IRQHandler
                0x0000000008000ec8                TIM3_IRQHandler
                0x0000000008000ec8                RCC_IRQHandler
                0x0000000008000ec8                TIM8_BRK_TIM12_IRQHandler
                0x0000000008000ec8                Default_Handler
                0x0000000008000ec8                CEC_IRQHandler
                0x0000000008000ec8                EXTI15_10_IRQHandler
                0x0000000008000ec8                DMA1_Stream7_IRQHandler
                0x0000000008000ec8                TIM7_IRQHandler
                0x0000000008000ec8                CAN2_TX_IRQHandler
                0x0000000008000ec8                TIM5_IRQHandler
                0x0000000008000ec8                DMA2_Stream7_IRQHandler
                0x0000000008000ec8                I2C3_EV_IRQHandler
                0x0000000008000ec8                EXTI9_5_IRQHandler
                0x0000000008000ec8                RTC_WKUP_IRQHandler
                0x0000000008000ec8                SPDIF_RX_IRQHandler
                0x0000000008000ec8                SPI2_IRQHandler
                0x0000000008000ec8                OTG_HS_EP1_IN_IRQHandler
                0x0000000008000ec8                DMA1_Stream0_IRQHandler
                0x0000000008000ec8                CAN1_TX_IRQHandler
                0x0000000008000ec8                FMPI2C1_ER_IRQHandler
                0x0000000008000ec8                EXTI4_IRQHandler
                0x0000000008000ec8                OTG_HS_EP1_OUT_IRQHandler
                0x0000000008000ec8                WWDG_IRQHandler
                0x0000000008000ec8                OTG_FS_WKUP_IRQHandler
                0x0000000008000ec8                TIM1_TRG_COM_TIM11_IRQHandler
                0x0000000008000ec8                OTG_HS_IRQHandler
                0x0000000008000ec8                EXTI1_IRQHandler
                0x0000000008000ec8                USART2_IRQHandler
                0x0000000008000ec8                I2C2_ER_IRQHandler
                0x0000000008000ec8                DMA2_Stream1_IRQHandler
                0x0000000008000ec8                CAN1_SCE_IRQHandler
                0x0000000008000ec8                FLASH_IRQHandler
                0x0000000008000ec8                DMA2_Stream4_IRQHandler
                0x0000000008000ec8                USART1_IRQHandler
                0x0000000008000ec8                OTG_FS_IRQHandler
                0x0000000008000ec8                SPI3_IRQHandler
                0x0000000008000ec8                DMA1_Stream4_IRQHandler
                0x0000000008000ec8                I2C1_ER_IRQHandler
                0x0000000008000ec8                FMC_IRQHandler
                0x0000000008000ec8                DMA2_Stream6_IRQHandler
                0x0000000008000ec8                SAI1_IRQHandler
                0x0000000008000ec8                DMA1_Stream3_IRQHandler
 *fill*         0x0000000008000eca        0x2 
 .text.HAL_Init
                0x0000000008000ecc       0x44 ./Drivers/STM32F4xx_HAL_Driver/Src/stm32f4xx_hal.o
                0x0000000008000ecc                HAL_Init
 .text.HAL_InitTick
                0x0000000008000f10       0x60 ./Drivers/STM32F4xx_HAL_Driver/Src/stm32f4xx_hal.o
                0x0000000008000f10                HAL_InitTick
 .text.HAL_IncTick
                0x0000000008000f70       0x28 ./Drivers/STM32F4xx_HAL_Driver/Src/stm32f4xx_hal.o
                0x0000000008000f70                HAL_IncTick
 .text.HAL_GetTick
                0x0000000008000f98       0x18 ./Drivers/STM32F4xx_HAL_Driver/Src/stm32f4xx_hal.o
                0x0000000008000f98                HAL_GetTick
 .text.HAL_Delay
                0x0000000008000fb0       0x48 ./Drivers/STM32F4xx_HAL_Driver/Src/stm32f4xx_hal.o
                0x0000000008000fb0                HAL_Delay
 .text.HAL_ADC_Init
                0x0000000008000ff8       0x86 ./Drivers/STM32F4xx_HAL_Driver/Src/stm32f4xx_hal_adc.o
                0x0000000008000ff8                HAL_ADC_Init
 *fill*         0x000000000800107e        0x2 
 .text.HAL_ADC_Start_IT
                0x0000000008001080      0x1bc ./Drivers/STM32F4xx_HAL_Driver/Src/stm32f4xx_hal_adc.o
                0x0000000008001080                HAL_ADC_Start_IT
 .text.HAL_ADC_IRQHandler
                0x000000000800123c      0x220 ./Drivers/STM32F4xx_HAL_Driver/Src/stm32f4xx_hal_adc.o
                0x000000000800123c                HAL_ADC_IRQHandler
 .text.HAL_ADC_GetValue
                0x000000000800145c       0x1a ./Drivers/STM32F4xx_HAL_Driver/Src/stm32f4xx_hal_adc.o
                0x000000000800145c                HAL_ADC_GetValue
 .text.HAL_ADC_LevelOutOfWindowCallback
                0x0000000008001476       0x14 ./Drivers/STM32F4xx_HAL_Driver/Src/stm32f4xx_hal_adc.o
                0x0000000008001476                HAL_ADC_LevelOutOfWindowCallback
 .text.HAL_ADC_ErrorCallback
                0x000000000800148a       0x14 ./Drivers/STM32F4xx_HAL_Driver/Src/stm32f4xx_hal_adc.o
                0x000000000800148a                HAL_ADC_ErrorCallback
 *fill*         0x000000000800149e        0x2 
 .text.HAL_ADC_ConfigChannel
                0x00000000080014a0      0x264 ./Drivers/STM32F4xx_HAL_Driver/Src/stm32f4xx_hal_adc.o
                0x00000000080014a0                HAL_ADC_ConfigChannel
 .text.ADC_Init
                0x0000000008001704      0x1f8 ./Drivers/STM32F4xx_HAL_Driver/Src/stm32f4xx_hal_adc.o
 .text.HAL_ADCEx_InjectedConvCpltCallback
                0x00000000080018fc       0x14 ./Drivers/STM32F4xx_HAL_Driver/Src/stm32f4xx_hal_adc_ex.o
                0x00000000080018fc                HAL_ADCEx_InjectedConvCpltCallback
 .text.HAL_CAN_Init
                0x0000000008001910      0x1f6 ./Drivers/STM32F4xx_HAL_Driver/Src/stm32f4xx_hal_can.o
                0x0000000008001910                HAL_CAN_Init
 *fill*         0x0000000008001b06        0x2 
 .text.__NVIC_SetPriorityGrouping
                0x0000000008001b08       0x48 ./Drivers/STM32F4xx_HAL_Driver/Src/stm32f4xx_hal_cortex.o
 .text.__NVIC_GetPriorityGrouping
                0x0000000008001b50       0x1c ./Drivers/STM32F4xx_HAL_Driver/Src/stm32f4xx_hal_cortex.o
 .text.__NVIC_EnableIRQ
                0x0000000008001b6c       0x3c ./Drivers/STM32F4xx_HAL_Driver/Src/stm32f4xx_hal_cortex.o
 .text.__NVIC_SetPriority
                0x0000000008001ba8       0x54 ./Drivers/STM32F4xx_HAL_Driver/Src/stm32f4xx_hal_cortex.o
 .text.NVIC_EncodePriority
                0x0000000008001bfc       0x66 ./Drivers/STM32F4xx_HAL_Driver/Src/stm32f4xx_hal_cortex.o
 *fill*         0x0000000008001c62        0x2 
 .text.SysTick_Config
                0x0000000008001c64       0x44 ./Drivers/STM32F4xx_HAL_Driver/Src/stm32f4xx_hal_cortex.o
 .text.HAL_NVIC_SetPriorityGrouping
                0x0000000008001ca8       0x16 ./Drivers/STM32F4xx_HAL_Driver/Src/stm32f4xx_hal_cortex.o
                0x0000000008001ca8                HAL_NVIC_SetPriorityGrouping
 .text.HAL_NVIC_SetPriority
                0x0000000008001cbe       0x38 ./Drivers/STM32F4xx_HAL_Driver/Src/stm32f4xx_hal_cortex.o
                0x0000000008001cbe                HAL_NVIC_SetPriority
 .text.HAL_NVIC_EnableIRQ
                0x0000000008001cf6       0x1c ./Drivers/STM32F4xx_HAL_Driver/Src/stm32f4xx_hal_cortex.o
                0x0000000008001cf6                HAL_NVIC_EnableIRQ
 .text.HAL_SYSTICK_Config
                0x0000000008001d12       0x18 ./Drivers/STM32F4xx_HAL_Driver/Src/stm32f4xx_hal_cortex.o
                0x0000000008001d12                HAL_SYSTICK_Config
 .text.HAL_DMA_Abort
                0x0000000008001d2a       0xe0 ./Drivers/STM32F4xx_HAL_Driver/Src/stm32f4xx_hal_dma.o
                0x0000000008001d2a                HAL_DMA_Abort
 .text.HAL_DMA_Abort_IT
                0x0000000008001e0a       0x44 ./Drivers/STM32F4xx_HAL_Driver/Src/stm32f4xx_hal_dma.o
                0x0000000008001e0a                HAL_DMA_Abort_IT
 *fill*         0x0000000008001e4e        0x2 
 .text.HAL_GPIO_Init
                0x0000000008001e50      0x328 ./Drivers/STM32F4xx_HAL_Driver/Src/stm32f4xx_hal_gpio.o
                0x0000000008001e50                HAL_GPIO_Init
 .text.HAL_GPIO_WritePin
                0x0000000008002178       0x32 ./Drivers/STM32F4xx_HAL_Driver/Src/stm32f4xx_hal_gpio.o
                0x0000000008002178                HAL_GPIO_WritePin
 .text.HAL_GPIO_TogglePin
                0x00000000080021aa       0x34 ./Drivers/STM32F4xx_HAL_Driver/Src/stm32f4xx_hal_gpio.o
                0x00000000080021aa                HAL_GPIO_TogglePin
 *fill*         0x00000000080021de        0x2 
 .text.HAL_GPIO_EXTI_IRQHandler
                0x00000000080021e0       0x30 ./Drivers/STM32F4xx_HAL_Driver/Src/stm32f4xx_hal_gpio.o
                0x00000000080021e0                HAL_GPIO_EXTI_IRQHandler
 .text.HAL_RCC_ClockConfig
                0x0000000008002210      0x1cc ./Drivers/STM32F4xx_HAL_Driver/Src/stm32f4xx_hal_rcc.o
                0x0000000008002210                HAL_RCC_ClockConfig
 .text.HAL_RCC_GetHCLKFreq
                0x00000000080023dc       0x18 ./Drivers/STM32F4xx_HAL_Driver/Src/stm32f4xx_hal_rcc.o
                0x00000000080023dc                HAL_RCC_GetHCLKFreq
 .text.HAL_RCC_GetPCLK1Freq
                0x00000000080023f4       0x28 ./Drivers/STM32F4xx_HAL_Driver/Src/stm32f4xx_hal_rcc.o
                0x00000000080023f4                HAL_RCC_GetPCLK1Freq
 .text.HAL_RCC_GetPCLK2Freq
                0x000000000800241c       0x28 ./Drivers/STM32F4xx_HAL_Driver/Src/stm32f4xx_hal_rcc.o
                0x000000000800241c                HAL_RCC_GetPCLK2Freq
 .text.HAL_RCC_GetSysClockFreq
                0x0000000008002444      0x354 ./Drivers/STM32F4xx_HAL_Driver/Src/stm32f4xx_hal_rcc_ex.o
                0x0000000008002444                HAL_RCC_GetSysClockFreq
 .text.HAL_RCC_OscConfig
                0x0000000008002798      0x53c ./Drivers/STM32F4xx_HAL_Driver/Src/stm32f4xx_hal_rcc_ex.o
                0x0000000008002798                HAL_RCC_OscConfig
 .text.HAL_TIM_Base_Init
                0x0000000008002cd4       0x9e ./Drivers/STM32F4xx_HAL_Driver/Src/stm32f4xx_hal_tim.o
                0x0000000008002cd4                HAL_TIM_Base_Init
 *fill*         0x0000000008002d72        0x2 
 .text.HAL_TIM_Base_Start
                0x0000000008002d74       0xd0 ./Drivers/STM32F4xx_HAL_Driver/Src/stm32f4xx_hal_tim.o
                0x0000000008002d74                HAL_TIM_Base_Start
 .text.HAL_TIM_Base_Start_IT
                0x0000000008002e44       0xe0 ./Drivers/STM32F4xx_HAL_Driver/Src/stm32f4xx_hal_tim.o
                0x0000000008002e44                HAL_TIM_Base_Start_IT
 .text.HAL_TIM_OC_Init
                0x0000000008002f24       0x9e ./Drivers/STM32F4xx_HAL_Driver/Src/stm32f4xx_hal_tim.o
                0x0000000008002f24                HAL_TIM_OC_Init
 .text.HAL_TIM_OC_MspInit
                0x0000000008002fc2       0x14 ./Drivers/STM32F4xx_HAL_Driver/Src/stm32f4xx_hal_tim.o
                0x0000000008002fc2                HAL_TIM_OC_MspInit
 .text.HAL_TIM_PWM_Init
                0x0000000008002fd6       0x9e ./Drivers/STM32F4xx_HAL_Driver/Src/stm32f4xx_hal_tim.o
                0x0000000008002fd6                HAL_TIM_PWM_Init
 .text.HAL_TIM_PWM_MspInit
                0x0000000008003074       0x14 ./Drivers/STM32F4xx_HAL_Driver/Src/stm32f4xx_hal_tim.o
                0x0000000008003074                HAL_TIM_PWM_MspInit
 .text.HAL_TIM_IRQHandler
                0x0000000008003088      0x1e0 ./Drivers/STM32F4xx_HAL_Driver/Src/stm32f4xx_hal_tim.o
                0x0000000008003088                HAL_TIM_IRQHandler
 .text.HAL_TIM_OC_ConfigChannel
                0x0000000008003268       0xb8 ./Drivers/STM32F4xx_HAL_Driver/Src/stm32f4xx_hal_tim.o
                0x0000000008003268                HAL_TIM_OC_ConfigChannel
 .text.HAL_TIM_PWM_ConfigChannel
                0x0000000008003320      0x184 ./Drivers/STM32F4xx_HAL_Driver/Src/stm32f4xx_hal_tim.o
                0x0000000008003320                HAL_TIM_PWM_ConfigChannel
 .text.HAL_TIM_ConfigClockSource
                0x00000000080034a4      0x18e ./Drivers/STM32F4xx_HAL_Driver/Src/stm32f4xx_hal_tim.o
                0x00000000080034a4                HAL_TIM_ConfigClockSource
 .text.HAL_TIM_PeriodElapsedCallback
                0x0000000008003632       0x14 ./Drivers/STM32F4xx_HAL_Driver/Src/stm32f4xx_hal_tim.o
                0x0000000008003632                HAL_TIM_PeriodElapsedCallback
 .text.HAL_TIM_IC_CaptureCallback
                0x0000000008003646       0x14 ./Drivers/STM32F4xx_HAL_Driver/Src/stm32f4xx_hal_tim.o
                0x0000000008003646                HAL_TIM_IC_CaptureCallback
 .text.HAL_TIM_PWM_PulseFinishedCallback
                0x000000000800365a       0x14 ./Drivers/STM32F4xx_HAL_Driver/Src/stm32f4xx_hal_tim.o
                0x000000000800365a                HAL_TIM_PWM_PulseFinishedCallback
 .text.HAL_TIM_TriggerCallback
                0x000000000800366e       0x14 ./Drivers/STM32F4xx_HAL_Driver/Src/stm32f4xx_hal_tim.o
                0x000000000800366e                HAL_TIM_TriggerCallback
 *fill*         0x0000000008003682        0x2 
 .text.TIM_Base_SetConfig
                0x0000000008003684      0x158 ./Drivers/STM32F4xx_HAL_Driver/Src/stm32f4xx_hal_tim.o
                0x0000000008003684                TIM_Base_SetConfig
 .text.TIM_OC1_SetConfig
                0x00000000080037dc       0xe0 ./Drivers/STM32F4xx_HAL_Driver/Src/stm32f4xx_hal_tim.o
 .text.TIM_OC2_SetConfig
                0x00000000080038bc       0xec ./Drivers/STM32F4xx_HAL_Driver/Src/stm32f4xx_hal_tim.o
                0x00000000080038bc                TIM_OC2_SetConfig
 .text.TIM_OC3_SetConfig
                0x00000000080039a8       0xe8 ./Drivers/STM32F4xx_HAL_Driver/Src/stm32f4xx_hal_tim.o
 .text.TIM_OC4_SetConfig
                0x0000000008003a90       0xac ./Drivers/STM32F4xx_HAL_Driver/Src/stm32f4xx_hal_tim.o
 .text.TIM_TI1_ConfigInputStage
                0x0000000008003b3c       0x5e ./Drivers/STM32F4xx_HAL_Driver/Src/stm32f4xx_hal_tim.o
 .text.TIM_TI2_ConfigInputStage
                0x0000000008003b9a       0x60 ./Drivers/STM32F4xx_HAL_Driver/Src/stm32f4xx_hal_tim.o
 .text.TIM_ITRx_SetConfig
                0x0000000008003bfa       0x36 ./Drivers/STM32F4xx_HAL_Driver/Src/stm32f4xx_hal_tim.o
 .text.TIM_ETR_SetConfig
                0x0000000008003c30       0x40 ./Drivers/STM32F4xx_HAL_Driver/Src/stm32f4xx_hal_tim.o
                0x0000000008003c30                TIM_ETR_SetConfig
 .text.HAL_TIMEx_MasterConfigSynchronization
                0x0000000008003c70       0xf8 ./Drivers/STM32F4xx_HAL_Driver/Src/stm32f4xx_hal_tim_ex.o
                0x0000000008003c70                HAL_TIMEx_MasterConfigSynchronization
 .text.HAL_TIMEx_CommutCallback
                0x0000000008003d68       0x14 ./Drivers/STM32F4xx_HAL_Driver/Src/stm32f4xx_hal_tim_ex.o
                0x0000000008003d68                HAL_TIMEx_CommutCallback
 .text.HAL_TIMEx_BreakCallback
                0x0000000008003d7c       0x14 ./Drivers/STM32F4xx_HAL_Driver/Src/stm32f4xx_hal_tim_ex.o
                0x0000000008003d7c                HAL_TIMEx_BreakCallback
 .text.HAL_UART_Init
                0x0000000008003d90       0xa0 ./Drivers/STM32F4xx_HAL_Driver/Src/stm32f4xx_hal_uart.o
                0x0000000008003d90                HAL_UART_Init
 .text.HAL_UART_Transmit_IT
                0x0000000008003e30       0x6c ./Drivers/STM32F4xx_HAL_Driver/Src/stm32f4xx_hal_uart.o
                0x0000000008003e30                HAL_UART_Transmit_IT
 .text.HAL_UART_Receive_IT
                0x0000000008003e9c       0x4a ./Drivers/STM32F4xx_HAL_Driver/Src/stm32f4xx_hal_uart.o
                0x0000000008003e9c                HAL_UART_Receive_IT
 *fill*         0x0000000008003ee6        0x2 
 .text.HAL_UART_IRQHandler
                0x0000000008003ee8      0x524 ./Drivers/STM32F4xx_HAL_Driver/Src/stm32f4xx_hal_uart.o
                0x0000000008003ee8                HAL_UART_IRQHandler
 .text.HAL_UART_TxCpltCallback
                0x000000000800440c       0x14 ./Drivers/STM32F4xx_HAL_Driver/Src/stm32f4xx_hal_uart.o
                0x000000000800440c                HAL_UART_TxCpltCallback
 .text.HAL_UART_ErrorCallback
                0x0000000008004420       0x14 ./Drivers/STM32F4xx_HAL_Driver/Src/stm32f4xx_hal_uart.o
                0x0000000008004420                HAL_UART_ErrorCallback
 .text.HAL_UARTEx_RxEventCallback
                0x0000000008004434       0x18 ./Drivers/STM32F4xx_HAL_Driver/Src/stm32f4xx_hal_uart.o
                0x0000000008004434                HAL_UARTEx_RxEventCallback
 .text.UART_Start_Receive_IT
                0x000000000800444c       0x74 ./Drivers/STM32F4xx_HAL_Driver/Src/stm32f4xx_hal_uart.o
                0x000000000800444c                UART_Start_Receive_IT
 .text.UART_EndRxTransfer
                0x00000000080044c0       0xc6 ./Drivers/STM32F4xx_HAL_Driver/Src/stm32f4xx_hal_uart.o
 .text.UART_DMAAbortOnError
                0x0000000008004586       0x28 ./Drivers/STM32F4xx_HAL_Driver/Src/stm32f4xx_hal_uart.o
 .text.UART_Transmit_IT
                0x00000000080045ae       0xa0 ./Drivers/STM32F4xx_HAL_Driver/Src/stm32f4xx_hal_uart.o
 .text.UART_EndTransmit_IT
                0x000000000800464e       0x30 ./Drivers/STM32F4xx_HAL_Driver/Src/stm32f4xx_hal_uart.o
 .text.UART_Receive_IT
                0x000000000800467e      0x17c ./Drivers/STM32F4xx_HAL_Driver/Src/stm32f4xx_hal_uart.o
 *fill*         0x00000000080047fa        0x2 
 .text.UART_SetConfig
                0x00000000080047fc      0x4e8 ./Drivers/STM32F4xx_HAL_Driver/Src/stm32f4xx_hal_uart.o
 .text.SB_cmd   0x0000000008004ce4       0x32 ./Sensors/Src/pitch.o
                0x0000000008004ce4                SB_cmd
 *fill*         0x0000000008004d16        0x2 
 .text.pitch_send_SB_cmd
                0x0000000008004d18       0x6c ./Sensors/Src/pitch.o
                0x0000000008004d18                pitch_send_SB_cmd
 .text.HAL_UART_RxCpltCallback
                0x0000000008004d84       0x78 ./Sensors/Src/pitch.o
                0x0000000008004d84                HAL_UART_RxCpltCallback
 .text.HAL_GPIO_EXTI_Callback
                0x0000000008004dfc       0x84 ./Sensors/Src/rpm.o
                0x0000000008004dfc                HAL_GPIO_EXTI_Callback
 .text.HAL_TIM_OC_DelayElapsedCallback
                0x0000000008004e80       0x3c ./Sensors/Src/rpm.o
                0x0000000008004e80                HAL_TIM_OC_DelayElapsedCallback
 .text.HAL_ADC_ConvCpltCallback
                0x0000000008004ebc       0x38 ./Sensors/Src/torque.o
                0x0000000008004ebc                HAL_ADC_ConvCpltCallback
 .text.memset   0x0000000008004ef4       0x10 C:/ST/STM32CubeIDE_1.14.1/STM32CubeIDE/plugins/com.st.stm32cube.ide.mcu.externaltools.gnu-tools-for-stm32.11.3.rel1.win32_1.1.100.202309141235/tools/bin/../lib/gcc/arm-none-eabi/11.3.1/../../../../arm-none-eabi/lib/thumb/v7e-m+fp/hard\libc_nano.a(libc_a-memset.o)
                0x0000000008004ef4                memset
 .text.__libc_init_array
                0x0000000008004f04       0x48 C:/ST/STM32CubeIDE_1.14.1/STM32CubeIDE/plugins/com.st.stm32cube.ide.mcu.externaltools.gnu-tools-for-stm32.11.3.rel1.win32_1.1.100.202309141235/tools/bin/../lib/gcc/arm-none-eabi/11.3.1/../../../../arm-none-eabi/lib/thumb/v7e-m+fp/hard\libc_nano.a(libc_a-init.o)
                0x0000000008004f04                __libc_init_array
 *(.glue_7)
 .glue_7        0x0000000008004f4c        0x0 linker stubs
 *(.glue_7t)
 .glue_7t       0x0000000008004f4c        0x0 linker stubs
 *(.eh_frame)
 .eh_frame      0x0000000008004f4c        0x0 C:/ST/STM32CubeIDE_1.14.1/STM32CubeIDE/plugins/com.st.stm32cube.ide.mcu.externaltools.gnu-tools-for-stm32.11.3.rel1.win32_1.1.100.202309141235/tools/bin/../lib/gcc/arm-none-eabi/11.3.1/thumb/v7e-m+fp/hard/crtbegin.o
 *(.init)
 .init          0x0000000008004f4c        0x4 C:/ST/STM32CubeIDE_1.14.1/STM32CubeIDE/plugins/com.st.stm32cube.ide.mcu.externaltools.gnu-tools-for-stm32.11.3.rel1.win32_1.1.100.202309141235/tools/bin/../lib/gcc/arm-none-eabi/11.3.1/thumb/v7e-m+fp/hard/crti.o
                0x0000000008004f4c                _init
 .init          0x0000000008004f50        0x8 C:/ST/STM32CubeIDE_1.14.1/STM32CubeIDE/plugins/com.st.stm32cube.ide.mcu.externaltools.gnu-tools-for-stm32.11.3.rel1.win32_1.1.100.202309141235/tools/bin/../lib/gcc/arm-none-eabi/11.3.1/thumb/v7e-m+fp/hard/crtn.o
 *(.fini)
 .fini          0x0000000008004f58        0x4 C:/ST/STM32CubeIDE_1.14.1/STM32CubeIDE/plugins/com.st.stm32cube.ide.mcu.externaltools.gnu-tools-for-stm32.11.3.rel1.win32_1.1.100.202309141235/tools/bin/../lib/gcc/arm-none-eabi/11.3.1/thumb/v7e-m+fp/hard/crti.o
                0x0000000008004f58                _fini
 .fini          0x0000000008004f5c        0x8 C:/ST/STM32CubeIDE_1.14.1/STM32CubeIDE/plugins/com.st.stm32cube.ide.mcu.externaltools.gnu-tools-for-stm32.11.3.rel1.win32_1.1.100.202309141235/tools/bin/../lib/gcc/arm-none-eabi/11.3.1/thumb/v7e-m+fp/hard/crtn.o
                0x0000000008004f64                . = ALIGN (0x4)
                0x0000000008004f64                _etext = .

.vfp11_veneer   0x0000000008004f64        0x0
 .vfp11_veneer  0x0000000008004f64        0x0 linker stubs

.v4_bx          0x0000000008004f64        0x0
 .v4_bx         0x0000000008004f64        0x0 linker stubs

.iplt           0x0000000008004f64        0x0
 .iplt          0x0000000008004f64        0x0 C:/ST/STM32CubeIDE_1.14.1/STM32CubeIDE/plugins/com.st.stm32cube.ide.mcu.externaltools.gnu-tools-for-stm32.11.3.rel1.win32_1.1.100.202309141235/tools/bin/../lib/gcc/arm-none-eabi/11.3.1/thumb/v7e-m+fp/hard/crtbegin.o

.rodata         0x0000000008004f64       0x18
                0x0000000008004f64                . = ALIGN (0x4)
 *(.rodata)
 *(.rodata*)
 .rodata.AHBPrescTable
                0x0000000008004f64       0x10 ./Core/Src/system_stm32f4xx.o
                0x0000000008004f64                AHBPrescTable
 .rodata.APBPrescTable
                0x0000000008004f74        0x8 ./Core/Src/system_stm32f4xx.o
                0x0000000008004f74                APBPrescTable
                0x0000000008004f7c                . = ALIGN (0x4)

.ARM.extab      0x0000000008004f7c        0x0
                0x0000000008004f7c                . = ALIGN (0x4)
 *(.ARM.extab* .gnu.linkonce.armextab.*)
                0x0000000008004f7c                . = ALIGN (0x4)

.ARM            0x0000000008004f7c        0x8
                0x0000000008004f7c                . = ALIGN (0x4)
                0x0000000008004f7c                __exidx_start = .
 *(.ARM.exidx*)
 .ARM.exidx     0x0000000008004f7c        0x8 C:/ST/STM32CubeIDE_1.14.1/STM32CubeIDE/plugins/com.st.stm32cube.ide.mcu.externaltools.gnu-tools-for-stm32.11.3.rel1.win32_1.1.100.202309141235/tools/bin/../lib/gcc/arm-none-eabi/11.3.1/thumb/v7e-m+fp/hard\libgcc.a(_udivmoddi4.o)
                0x0000000008004f84                __exidx_end = .
                0x0000000008004f84                . = ALIGN (0x4)

.rel.dyn        0x0000000008004f84        0x0
 .rel.iplt      0x0000000008004f84        0x0 C:/ST/STM32CubeIDE_1.14.1/STM32CubeIDE/plugins/com.st.stm32cube.ide.mcu.externaltools.gnu-tools-for-stm32.11.3.rel1.win32_1.1.100.202309141235/tools/bin/../lib/gcc/arm-none-eabi/11.3.1/thumb/v7e-m+fp/hard/crtbegin.o

.preinit_array  0x0000000008004f84        0x0
                0x0000000008004f84                . = ALIGN (0x4)
                0x0000000008004f84                PROVIDE (__preinit_array_start = .)
 *(.preinit_array*)
                0x0000000008004f84                PROVIDE (__preinit_array_end = .)
                0x0000000008004f84                . = ALIGN (0x4)

.init_array     0x0000000008004f84        0x4
                0x0000000008004f84                . = ALIGN (0x4)
                0x0000000008004f84                PROVIDE (__init_array_start = .)
 *(SORT_BY_NAME(.init_array.*))
 *(.init_array*)
 .init_array    0x0000000008004f84        0x4 C:/ST/STM32CubeIDE_1.14.1/STM32CubeIDE/plugins/com.st.stm32cube.ide.mcu.externaltools.gnu-tools-for-stm32.11.3.rel1.win32_1.1.100.202309141235/tools/bin/../lib/gcc/arm-none-eabi/11.3.1/thumb/v7e-m+fp/hard/crtbegin.o
                0x0000000008004f88                PROVIDE (__init_array_end = .)
                0x0000000008004f88                . = ALIGN (0x4)

.fini_array     0x0000000008004f88        0x4
                0x0000000008004f88                . = ALIGN (0x4)
                [!provide]                        PROVIDE (__fini_array_start = .)
 *(SORT_BY_NAME(.fini_array.*))
 *(.fini_array*)
 .fini_array    0x0000000008004f88        0x4 C:/ST/STM32CubeIDE_1.14.1/STM32CubeIDE/plugins/com.st.stm32cube.ide.mcu.externaltools.gnu-tools-for-stm32.11.3.rel1.win32_1.1.100.202309141235/tools/bin/../lib/gcc/arm-none-eabi/11.3.1/thumb/v7e-m+fp/hard/crtbegin.o
                [!provide]                        PROVIDE (__fini_array_end = .)
                0x0000000008004f8c                . = ALIGN (0x4)
                0x0000000008004f8c                _sidata = LOADADDR (.data)

.data           0x0000000020000000        0xc load address 0x0000000008004f8c
                0x0000000020000000                . = ALIGN (0x4)
                0x0000000020000000                _sdata = .
 *(.data)
 *(.data*)
 .data.SystemCoreClock
                0x0000000020000000        0x4 ./Core/Src/system_stm32f4xx.o
                0x0000000020000000                SystemCoreClock
 .data.uwTickPrio
                0x0000000020000004        0x4 ./Drivers/STM32F4xx_HAL_Driver/Src/stm32f4xx_hal.o
                0x0000000020000004                uwTickPrio
 .data.uwTickFreq
                0x0000000020000008        0x1 ./Drivers/STM32F4xx_HAL_Driver/Src/stm32f4xx_hal.o
                0x0000000020000008                uwTickFreq
 *(.RamFunc)
 *(.RamFunc*)
                0x000000002000000c                . = ALIGN (0x4)
 *fill*         0x0000000020000009        0x3 
                0x000000002000000c                _edata = .

.igot.plt       0x000000002000000c        0x0 load address 0x0000000008004f98
 .igot.plt      0x000000002000000c        0x0 C:/ST/STM32CubeIDE_1.14.1/STM32CubeIDE/plugins/com.st.stm32cube.ide.mcu.externaltools.gnu-tools-for-stm32.11.3.rel1.win32_1.1.100.202309141235/tools/bin/../lib/gcc/arm-none-eabi/11.3.1/thumb/v7e-m+fp/hard/crtbegin.o
                0x000000002000000c                . = ALIGN (0x4)

.bss            0x000000002000000c      0x190 load address 0x0000000008004f98
                0x000000002000000c                _sbss = .
                0x000000002000000c                __bss_start__ = _sbss
 *(.bss)
 .bss           0x000000002000000c       0x1c C:/ST/STM32CubeIDE_1.14.1/STM32CubeIDE/plugins/com.st.stm32cube.ide.mcu.externaltools.gnu-tools-for-stm32.11.3.rel1.win32_1.1.100.202309141235/tools/bin/../lib/gcc/arm-none-eabi/11.3.1/thumb/v7e-m+fp/hard/crtbegin.o
 *(.bss*)
 .bss.hadc1     0x0000000020000028       0x48 ./Core/Src/adc.o
                0x0000000020000028                hadc1
 .bss.hcan1     0x0000000020000070       0x28 ./Core/Src/can.o
                0x0000000020000070                hcan1
 .bss.htim2     0x0000000020000098       0x48 ./Core/Src/tim.o
                0x0000000020000098                htim2
 .bss.htim3     0x00000000200000e0       0x48 ./Core/Src/tim.o
                0x00000000200000e0                htim3
 .bss.huart5    0x0000000020000128       0x48 ./Core/Src/usart.o
                0x0000000020000128                huart5
 .bss.uwTick    0x0000000020000170        0x4 ./Drivers/STM32F4xx_HAL_Driver/Src/stm32f4xx_hal.o
                0x0000000020000170                uwTick
 .bss.Rx_byte   0x0000000020000174        0x1 ./Sensors/Src/pitch.o
                0x0000000020000174                Rx_byte
 .bss.Rx_indx   0x0000000020000175        0x1 ./Sensors/Src/pitch.o
                0x0000000020000175                Rx_indx
 .bss.byte_type
                0x0000000020000176        0x1 ./Sensors/Src/pitch.o
                0x0000000020000176                byte_type
 *fill*         0x0000000020000177        0x1 
 .bss.position_rx_buff
                0x0000000020000178        0x2 ./Sensors/Src/pitch.o
                0x0000000020000178                position_rx_buff
 *fill*         0x000000002000017a        0x2 
 .bss.position_time_rx_buff
                0x000000002000017c        0x4 ./Sensors/Src/pitch.o
                0x000000002000017c                position_time_rx_buff
 .bss.position_time_status_rx_buff
                0x0000000020000180        0x5 ./Sensors/Src/pitch.o
                0x0000000020000180                position_time_status_rx_buff
 *fill*         0x0000000020000185        0x3 
 .bss.time_interval
                0x0000000020000188        0x4 ./Sensors/Src/rpm.o
                0x0000000020000188                time_interval
 .bss.rpm_value
                0x000000002000018c        0x4 ./Sensors/Src/rpm.o
                0x000000002000018c                rpm_value
 .bss.rpm_pulse_count
                0x0000000020000190        0x1 ./Sensors/Src/rpm.o
                0x0000000020000190                rpm_pulse_count
 *fill*         0x0000000020000191        0x3 
 .bss.adc_value
                0x0000000020000194        0x4 ./Sensors/Src/torque.o
                0x0000000020000194                adc_value
 .bss.new_adc_value
                0x0000000020000198        0x1 ./Sensors/Src/torque.o
                0x0000000020000198                new_adc_value
 *(COMMON)
                0x000000002000019c                . = ALIGN (0x4)
 *fill*         0x0000000020000199        0x3 
                0x000000002000019c                _ebss = .
                0x000000002000019c                __bss_end__ = _ebss

._user_heap_stack
                0x000000002000019c      0x604 load address 0x0000000008004f98
                0x00000000200001a0                . = ALIGN (0x8)
 *fill*         0x000000002000019c        0x4 
                [!provide]                        PROVIDE (end = .)
                0x00000000200001a0                PROVIDE (_end = .)
                0x00000000200003a0                . = (. + _Min_Heap_Size)
 *fill*         0x00000000200001a0      0x200 
                0x00000000200007a0                . = (. + _Min_Stack_Size)
 *fill*         0x00000000200003a0      0x400 
                0x00000000200007a0                . = ALIGN (0x8)

/DISCARD/
 libc.a(*)
 libm.a(*)
 libgcc.a(*)

.ARM.attributes
                0x0000000000000000       0x30
 *(.ARM.attributes)
 .ARM.attributes
                0x0000000000000000       0x1e C:/ST/STM32CubeIDE_1.14.1/STM32CubeIDE/plugins/com.st.stm32cube.ide.mcu.externaltools.gnu-tools-for-stm32.11.3.rel1.win32_1.1.100.202309141235/tools/bin/../lib/gcc/arm-none-eabi/11.3.1/thumb/v7e-m+fp/hard/crti.o
 .ARM.attributes
                0x000000000000001e       0x34 C:/ST/STM32CubeIDE_1.14.1/STM32CubeIDE/plugins/com.st.stm32cube.ide.mcu.externaltools.gnu-tools-for-stm32.11.3.rel1.win32_1.1.100.202309141235/tools/bin/../lib/gcc/arm-none-eabi/11.3.1/thumb/v7e-m+fp/hard/crtbegin.o
 .ARM.attributes
                0x0000000000000052       0x34 ./Core/Src/adc.o
 .ARM.attributes
                0x0000000000000086       0x34 ./Core/Src/can.o
 .ARM.attributes
                0x00000000000000ba       0x34 ./Core/Src/gpio.o
 .ARM.attributes
                0x00000000000000ee       0x34 ./Core/Src/main.o
 .ARM.attributes
                0x0000000000000122       0x34 ./Core/Src/stm32f4xx_hal_msp.o
 .ARM.attributes
                0x0000000000000156       0x34 ./Core/Src/stm32f4xx_it.o
 .ARM.attributes
                0x000000000000018a       0x34 ./Core/Src/system_stm32f4xx.o
 .ARM.attributes
                0x00000000000001be       0x34 ./Core/Src/tim.o
 .ARM.attributes
                0x00000000000001f2       0x34 ./Core/Src/usart.o
 .ARM.attributes
                0x0000000000000226       0x21 ./Core/Startup/startup_stm32f446retx.o
 .ARM.attributes
                0x0000000000000247       0x34 ./Drivers/STM32F4xx_HAL_Driver/Src/stm32f4xx_hal.o
 .ARM.attributes
                0x000000000000027b       0x34 ./Drivers/STM32F4xx_HAL_Driver/Src/stm32f4xx_hal_adc.o
 .ARM.attributes
                0x00000000000002af       0x34 ./Drivers/STM32F4xx_HAL_Driver/Src/stm32f4xx_hal_adc_ex.o
 .ARM.attributes
                0x00000000000002e3       0x34 ./Drivers/STM32F4xx_HAL_Driver/Src/stm32f4xx_hal_can.o
 .ARM.attributes
                0x0000000000000317       0x34 ./Drivers/STM32F4xx_HAL_Driver/Src/stm32f4xx_hal_cortex.o
 .ARM.attributes
                0x000000000000034b       0x34 ./Drivers/STM32F4xx_HAL_Driver/Src/stm32f4xx_hal_dma.o
 .ARM.attributes
                0x000000000000037f       0x34 ./Drivers/STM32F4xx_HAL_Driver/Src/stm32f4xx_hal_gpio.o
 .ARM.attributes
                0x00000000000003b3       0x34 ./Drivers/STM32F4xx_HAL_Driver/Src/stm32f4xx_hal_rcc.o
 .ARM.attributes
                0x00000000000003e7       0x34 ./Drivers/STM32F4xx_HAL_Driver/Src/stm32f4xx_hal_rcc_ex.o
 .ARM.attributes
                0x000000000000041b       0x34 ./Drivers/STM32F4xx_HAL_Driver/Src/stm32f4xx_hal_tim.o
 .ARM.attributes
                0x000000000000044f       0x34 ./Drivers/STM32F4xx_HAL_Driver/Src/stm32f4xx_hal_tim_ex.o
 .ARM.attributes
                0x0000000000000483       0x34 ./Drivers/STM32F4xx_HAL_Driver/Src/stm32f4xx_hal_uart.o
 .ARM.attributes
                0x00000000000004b7       0x34 ./Sensors/Src/pitch.o
 .ARM.attributes
                0x00000000000004eb       0x34 ./Sensors/Src/rpm.o
 .ARM.attributes
                0x000000000000051f       0x34 ./Sensors/Src/torque.o
 .ARM.attributes
                0x0000000000000553       0x34 C:/ST/STM32CubeIDE_1.14.1/STM32CubeIDE/plugins/com.st.stm32cube.ide.mcu.externaltools.gnu-tools-for-stm32.11.3.rel1.win32_1.1.100.202309141235/tools/bin/../lib/gcc/arm-none-eabi/11.3.1/../../../../arm-none-eabi/lib/thumb/v7e-m+fp/hard\libc_nano.a(libc_a-memset.o)
 .ARM.attributes
                0x0000000000000587       0x34 C:/ST/STM32CubeIDE_1.14.1/STM32CubeIDE/plugins/com.st.stm32cube.ide.mcu.externaltools.gnu-tools-for-stm32.11.3.rel1.win32_1.1.100.202309141235/tools/bin/../lib/gcc/arm-none-eabi/11.3.1/../../../../arm-none-eabi/lib/thumb/v7e-m+fp/hard\libc_nano.a(libc_a-init.o)
 .ARM.attributes
                0x00000000000005bb       0x1e C:/ST/STM32CubeIDE_1.14.1/STM32CubeIDE/plugins/com.st.stm32cube.ide.mcu.externaltools.gnu-tools-for-stm32.11.3.rel1.win32_1.1.100.202309141235/tools/bin/../lib/gcc/arm-none-eabi/11.3.1/thumb/v7e-m+fp/hard\libgcc.a(_aeabi_uldivmod.o)
 .ARM.attributes
                0x00000000000005d9       0x34 C:/ST/STM32CubeIDE_1.14.1/STM32CubeIDE/plugins/com.st.stm32cube.ide.mcu.externaltools.gnu-tools-for-stm32.11.3.rel1.win32_1.1.100.202309141235/tools/bin/../lib/gcc/arm-none-eabi/11.3.1/thumb/v7e-m+fp/hard\libgcc.a(_udivmoddi4.o)
 .ARM.attributes
                0x000000000000060d       0x1e C:/ST/STM32CubeIDE_1.14.1/STM32CubeIDE/plugins/com.st.stm32cube.ide.mcu.externaltools.gnu-tools-for-stm32.11.3.rel1.win32_1.1.100.202309141235/tools/bin/../lib/gcc/arm-none-eabi/11.3.1/thumb/v7e-m+fp/hard\libgcc.a(_dvmd_tls.o)
 .ARM.attributes
                0x000000000000062b       0x1e C:/ST/STM32CubeIDE_1.14.1/STM32CubeIDE/plugins/com.st.stm32cube.ide.mcu.externaltools.gnu-tools-for-stm32.11.3.rel1.win32_1.1.100.202309141235/tools/bin/../lib/gcc/arm-none-eabi/11.3.1/thumb/v7e-m+fp/hard/crtn.o
OUTPUT(ChinookSensor_PFE2024.elf elf32-littlearm)
LOAD linker stubs
LOAD C:/ST/STM32CubeIDE_1.14.1/STM32CubeIDE/plugins/com.st.stm32cube.ide.mcu.externaltools.gnu-tools-for-stm32.11.3.rel1.win32_1.1.100.202309141235/tools/bin/../lib/gcc/arm-none-eabi/11.3.1/../../../../arm-none-eabi/lib/thumb/v7e-m+fp/hard\libc.a
LOAD C:/ST/STM32CubeIDE_1.14.1/STM32CubeIDE/plugins/com.st.stm32cube.ide.mcu.externaltools.gnu-tools-for-stm32.11.3.rel1.win32_1.1.100.202309141235/tools/bin/../lib/gcc/arm-none-eabi/11.3.1/../../../../arm-none-eabi/lib/thumb/v7e-m+fp/hard\libm.a
LOAD C:/ST/STM32CubeIDE_1.14.1/STM32CubeIDE/plugins/com.st.stm32cube.ide.mcu.externaltools.gnu-tools-for-stm32.11.3.rel1.win32_1.1.100.202309141235/tools/bin/../lib/gcc/arm-none-eabi/11.3.1/thumb/v7e-m+fp/hard\libgcc.a

.comment        0x0000000000000000       0x43
 .comment       0x0000000000000000       0x43 C:/ST/STM32CubeIDE_1.14.1/STM32CubeIDE/plugins/com.st.stm32cube.ide.mcu.externaltools.gnu-tools-for-stm32.11.3.rel1.win32_1.1.100.202309141235/tools/bin/../lib/gcc/arm-none-eabi/11.3.1/thumb/v7e-m+fp/hard/crtbegin.o
                                         0x44 (size before relaxing)
 .comment       0x0000000000000043       0x44 ./Core/Src/adc.o
 .comment       0x0000000000000043       0x44 ./Core/Src/can.o
 .comment       0x0000000000000043       0x44 ./Core/Src/gpio.o
 .comment       0x0000000000000043       0x44 ./Core/Src/main.o
 .comment       0x0000000000000043       0x44 ./Core/Src/stm32f4xx_hal_msp.o
 .comment       0x0000000000000043       0x44 ./Core/Src/stm32f4xx_it.o
 .comment       0x0000000000000043       0x44 ./Core/Src/system_stm32f4xx.o
 .comment       0x0000000000000043       0x44 ./Core/Src/tim.o
 .comment       0x0000000000000043       0x44 ./Core/Src/usart.o
 .comment       0x0000000000000043       0x44 ./Drivers/STM32F4xx_HAL_Driver/Src/stm32f4xx_hal.o
 .comment       0x0000000000000043       0x44 ./Drivers/STM32F4xx_HAL_Driver/Src/stm32f4xx_hal_adc.o
 .comment       0x0000000000000043       0x44 ./Drivers/STM32F4xx_HAL_Driver/Src/stm32f4xx_hal_adc_ex.o
 .comment       0x0000000000000043       0x44 ./Drivers/STM32F4xx_HAL_Driver/Src/stm32f4xx_hal_can.o
 .comment       0x0000000000000043       0x44 ./Drivers/STM32F4xx_HAL_Driver/Src/stm32f4xx_hal_cortex.o
 .comment       0x0000000000000043       0x44 ./Drivers/STM32F4xx_HAL_Driver/Src/stm32f4xx_hal_dma.o
 .comment       0x0000000000000043       0x44 ./Drivers/STM32F4xx_HAL_Driver/Src/stm32f4xx_hal_gpio.o
 .comment       0x0000000000000043       0x44 ./Drivers/STM32F4xx_HAL_Driver/Src/stm32f4xx_hal_rcc.o
 .comment       0x0000000000000043       0x44 ./Drivers/STM32F4xx_HAL_Driver/Src/stm32f4xx_hal_rcc_ex.o
 .comment       0x0000000000000043       0x44 ./Drivers/STM32F4xx_HAL_Driver/Src/stm32f4xx_hal_tim.o
 .comment       0x0000000000000043       0x44 ./Drivers/STM32F4xx_HAL_Driver/Src/stm32f4xx_hal_tim_ex.o
 .comment       0x0000000000000043       0x44 ./Drivers/STM32F4xx_HAL_Driver/Src/stm32f4xx_hal_uart.o
 .comment       0x0000000000000043       0x44 ./Sensors/Src/pitch.o
 .comment       0x0000000000000043       0x44 ./Sensors/Src/rpm.o
 .comment       0x0000000000000043       0x44 ./Sensors/Src/torque.o

.debug_info     0x0000000000000000    0x144f8
 .debug_info    0x0000000000000000      0xc53 ./Core/Src/adc.o
 .debug_info    0x0000000000000c53      0x880 ./Core/Src/can.o
 .debug_info    0x00000000000014d3      0x6b0 ./Core/Src/gpio.o
 .debug_info    0x0000000000001b83     0x10c5 ./Core/Src/main.o
 .debug_info    0x0000000000002c48      0x299 ./Core/Src/stm32f4xx_hal_msp.o
 .debug_info    0x0000000000002ee1      0xc34 ./Core/Src/stm32f4xx_it.o
 .debug_info    0x0000000000003b15      0x54a ./Core/Src/system_stm32f4xx.o
 .debug_info    0x000000000000405f      0xdba ./Core/Src/tim.o
 .debug_info    0x0000000000004e19      0xbf7 ./Core/Src/usart.o
 .debug_info    0x0000000000005a10       0x23 ./Core/Startup/startup_stm32f446retx.o
 .debug_info    0x0000000000005a33      0x99a ./Drivers/STM32F4xx_HAL_Driver/Src/stm32f4xx_hal.o
 .debug_info    0x00000000000063cd      0xcd4 ./Drivers/STM32F4xx_HAL_Driver/Src/stm32f4xx_hal_adc.o
 .debug_info    0x00000000000070a1      0xb59 ./Drivers/STM32F4xx_HAL_Driver/Src/stm32f4xx_hal_adc_ex.o
 .debug_info    0x0000000000007bfa      0xf44 ./Drivers/STM32F4xx_HAL_Driver/Src/stm32f4xx_hal_can.o
 .debug_info    0x0000000000008b3e      0xd75 ./Drivers/STM32F4xx_HAL_Driver/Src/stm32f4xx_hal_cortex.o
 .debug_info    0x00000000000098b3      0x8e7 ./Drivers/STM32F4xx_HAL_Driver/Src/stm32f4xx_hal_dma.o
 .debug_info    0x000000000000a19a      0x70b ./Drivers/STM32F4xx_HAL_Driver/Src/stm32f4xx_hal_gpio.o
 .debug_info    0x000000000000a8a5      0x8ed ./Drivers/STM32F4xx_HAL_Driver/Src/stm32f4xx_hal_rcc.o
 .debug_info    0x000000000000b192      0x956 ./Drivers/STM32F4xx_HAL_Driver/Src/stm32f4xx_hal_rcc_ex.o
 .debug_info    0x000000000000bae8     0x299d ./Drivers/STM32F4xx_HAL_Driver/Src/stm32f4xx_hal_tim.o
 .debug_info    0x000000000000e485     0x14db ./Drivers/STM32F4xx_HAL_Driver/Src/stm32f4xx_hal_tim_ex.o
 .debug_info    0x000000000000f960     0x2f4f ./Drivers/STM32F4xx_HAL_Driver/Src/stm32f4xx_hal_uart.o
 .debug_info    0x00000000000128af      0xee7 ./Sensors/Src/pitch.o
 .debug_info    0x0000000000013796      0x6c3 ./Sensors/Src/rpm.o
 .debug_info    0x0000000000013e59      0x69f ./Sensors/Src/torque.o

.debug_abbrev   0x0000000000000000     0x32c2
 .debug_abbrev  0x0000000000000000      0x212 ./Core/Src/adc.o
 .debug_abbrev  0x0000000000000212      0x200 ./Core/Src/can.o
 .debug_abbrev  0x0000000000000412      0x174 ./Core/Src/gpio.o
 .debug_abbrev  0x0000000000000586      0x257 ./Core/Src/main.o
 .debug_abbrev  0x00000000000007dd       0xd8 ./Core/Src/stm32f4xx_hal_msp.o
 .debug_abbrev  0x00000000000008b5      0x1c4 ./Core/Src/stm32f4xx_it.o
 .debug_abbrev  0x0000000000000a79      0x11a ./Core/Src/system_stm32f4xx.o
 .debug_abbrev  0x0000000000000b93      0x206 ./Core/Src/tim.o
 .debug_abbrev  0x0000000000000d99      0x218 ./Core/Src/usart.o
 .debug_abbrev  0x0000000000000fb1       0x12 ./Core/Startup/startup_stm32f446retx.o
 .debug_abbrev  0x0000000000000fc3      0x214 ./Drivers/STM32F4xx_HAL_Driver/Src/stm32f4xx_hal.o
 .debug_abbrev  0x00000000000011d7      0x252 ./Drivers/STM32F4xx_HAL_Driver/Src/stm32f4xx_hal_adc.o
 .debug_abbrev  0x0000000000001429      0x270 ./Drivers/STM32F4xx_HAL_Driver/Src/stm32f4xx_hal_adc_ex.o
 .debug_abbrev  0x0000000000001699      0x25a ./Drivers/STM32F4xx_HAL_Driver/Src/stm32f4xx_hal_can.o
 .debug_abbrev  0x00000000000018f3      0x328 ./Drivers/STM32F4xx_HAL_Driver/Src/stm32f4xx_hal_cortex.o
 .debug_abbrev  0x0000000000001c1b      0x264 ./Drivers/STM32F4xx_HAL_Driver/Src/stm32f4xx_hal_dma.o
 .debug_abbrev  0x0000000000001e7f      0x1d4 ./Drivers/STM32F4xx_HAL_Driver/Src/stm32f4xx_hal_gpio.o
 .debug_abbrev  0x0000000000002053      0x2b6 ./Drivers/STM32F4xx_HAL_Driver/Src/stm32f4xx_hal_rcc.o
 .debug_abbrev  0x0000000000002309      0x20a ./Drivers/STM32F4xx_HAL_Driver/Src/stm32f4xx_hal_rcc_ex.o
 .debug_abbrev  0x0000000000002513      0x278 ./Drivers/STM32F4xx_HAL_Driver/Src/stm32f4xx_hal_tim.o
 .debug_abbrev  0x000000000000278b      0x283 ./Drivers/STM32F4xx_HAL_Driver/Src/stm32f4xx_hal_tim_ex.o
 .debug_abbrev  0x0000000000002a0e      0x30e ./Drivers/STM32F4xx_HAL_Driver/Src/stm32f4xx_hal_uart.o
 .debug_abbrev  0x0000000000002d1c      0x287 ./Sensors/Src/pitch.o
 .debug_abbrev  0x0000000000002fa3      0x17b ./Sensors/Src/rpm.o
 .debug_abbrev  0x000000000000311e      0x1a4 ./Sensors/Src/torque.o

.debug_aranges  0x0000000000000000     0x1108
 .debug_aranges
                0x0000000000000000       0x30 ./Core/Src/adc.o
 .debug_aranges
                0x0000000000000030       0x30 ./Core/Src/can.o
 .debug_aranges
                0x0000000000000060       0x20 ./Core/Src/gpio.o
 .debug_aranges
                0x0000000000000080       0x30 ./Core/Src/main.o
 .debug_aranges
                0x00000000000000b0       0x20 ./Core/Src/stm32f4xx_hal_msp.o
 .debug_aranges
                0x00000000000000d0       0x80 ./Core/Src/stm32f4xx_it.o
 .debug_aranges
                0x0000000000000150       0x28 ./Core/Src/system_stm32f4xx.o
 .debug_aranges
                0x0000000000000178       0x38 ./Core/Src/tim.o
 .debug_aranges
                0x00000000000001b0       0x30 ./Core/Src/usart.o
 .debug_aranges
                0x00000000000001e0       0x28 ./Core/Startup/startup_stm32f446retx.o
 .debug_aranges
                0x0000000000000208       0xf0 ./Drivers/STM32F4xx_HAL_Driver/Src/stm32f4xx_hal.o
 .debug_aranges
                0x00000000000002f8       0xe8 ./Drivers/STM32F4xx_HAL_Driver/Src/stm32f4xx_hal_adc.o
 .debug_aranges
                0x00000000000003e0       0x90 ./Drivers/STM32F4xx_HAL_Driver/Src/stm32f4xx_hal_adc_ex.o
 .debug_aranges
                0x0000000000000470      0x138 ./Drivers/STM32F4xx_HAL_Driver/Src/stm32f4xx_hal_can.o
 .debug_aranges
                0x00000000000005a8      0x120 ./Drivers/STM32F4xx_HAL_Driver/Src/stm32f4xx_hal_cortex.o
 .debug_aranges
                0x00000000000006c8       0x90 ./Drivers/STM32F4xx_HAL_Driver/Src/stm32f4xx_hal_dma.o
 .debug_aranges
                0x0000000000000758       0x58 ./Drivers/STM32F4xx_HAL_Driver/Src/stm32f4xx_hal_gpio.o
 .debug_aranges
                0x00000000000007b0       0x88 ./Drivers/STM32F4xx_HAL_Driver/Src/stm32f4xx_hal_rcc.o
 .debug_aranges
                0x0000000000000838       0x78 ./Drivers/STM32F4xx_HAL_Driver/Src/stm32f4xx_hal_rcc_ex.o
 .debug_aranges
                0x00000000000008b0      0x3d0 ./Drivers/STM32F4xx_HAL_Driver/Src/stm32f4xx_hal_tim.o
 .debug_aranges
                0x0000000000000c80      0x168 ./Drivers/STM32F4xx_HAL_Driver/Src/stm32f4xx_hal_tim_ex.o
 .debug_aranges
                0x0000000000000de8      0x208 ./Drivers/STM32F4xx_HAL_Driver/Src/stm32f4xx_hal_uart.o
 .debug_aranges
                0x0000000000000ff0       0xc8 ./Sensors/Src/pitch.o
 .debug_aranges
                0x00000000000010b8       0x28 ./Sensors/Src/rpm.o
 .debug_aranges
                0x00000000000010e0       0x28 ./Sensors/Src/torque.o

.debug_rnglists
                0x0000000000000000      0xd2a
 .debug_rnglists
                0x0000000000000000       0x21 ./Core/Src/adc.o
 .debug_rnglists
                0x0000000000000021       0x20 ./Core/Src/can.o
 .debug_rnglists
                0x0000000000000041       0x14 ./Core/Src/gpio.o
 .debug_rnglists
                0x0000000000000055       0x21 ./Core/Src/main.o
 .debug_rnglists
                0x0000000000000076       0x13 ./Core/Src/stm32f4xx_hal_msp.o
 .debug_rnglists
                0x0000000000000089       0x5b ./Core/Src/stm32f4xx_it.o
 .debug_rnglists
                0x00000000000000e4       0x1a ./Core/Src/system_stm32f4xx.o
 .debug_rnglists
                0x00000000000000fe       0x27 ./Core/Src/tim.o
 .debug_rnglists
                0x0000000000000125       0x20 ./Core/Src/usart.o
 .debug_rnglists
                0x0000000000000145       0x19 ./Core/Startup/startup_stm32f446retx.o
 .debug_rnglists
                0x000000000000015e       0xaf ./Drivers/STM32F4xx_HAL_Driver/Src/stm32f4xx_hal.o
 .debug_rnglists
                0x000000000000020d       0xb5 ./Drivers/STM32F4xx_HAL_Driver/Src/stm32f4xx_hal_adc.o
 .debug_rnglists
                0x00000000000002c2       0x71 ./Drivers/STM32F4xx_HAL_Driver/Src/stm32f4xx_hal_adc_ex.o
 .debug_rnglists
                0x0000000000000333       0xee ./Drivers/STM32F4xx_HAL_Driver/Src/stm32f4xx_hal_can.o
 .debug_rnglists
                0x0000000000000421       0xd4 ./Drivers/STM32F4xx_HAL_Driver/Src/stm32f4xx_hal_cortex.o
 .debug_rnglists
                0x00000000000004f5       0x70 ./Drivers/STM32F4xx_HAL_Driver/Src/stm32f4xx_hal_dma.o
 .debug_rnglists
                0x0000000000000565       0x3f ./Drivers/STM32F4xx_HAL_Driver/Src/stm32f4xx_hal_gpio.o
 .debug_rnglists
                0x00000000000005a4       0x66 ./Drivers/STM32F4xx_HAL_Driver/Src/stm32f4xx_hal_rcc.o
 .debug_rnglists
                0x000000000000060a       0x5e ./Drivers/STM32F4xx_HAL_Driver/Src/stm32f4xx_hal_rcc_ex.o
 .debug_rnglists
                0x0000000000000668      0x31a ./Drivers/STM32F4xx_HAL_Driver/Src/stm32f4xx_hal_tim.o
 .debug_rnglists
                0x0000000000000982      0x125 ./Drivers/STM32F4xx_HAL_Driver/Src/stm32f4xx_hal_tim_ex.o
 .debug_rnglists
                0x0000000000000aa7      0x1bc ./Drivers/STM32F4xx_HAL_Driver/Src/stm32f4xx_hal_uart.o
 .debug_rnglists
                0x0000000000000c63       0x94 ./Sensors/Src/pitch.o
 .debug_rnglists
                0x0000000000000cf7       0x1a ./Sensors/Src/rpm.o
 .debug_rnglists
                0x0000000000000d11       0x19 ./Sensors/Src/torque.o

.debug_macro    0x0000000000000000    0x2434e
 .debug_macro   0x0000000000000000      0x236 ./Core/Src/adc.o
 .debug_macro   0x0000000000000236      0xaa8 ./Core/Src/adc.o
 .debug_macro   0x0000000000000cde      0x2a7 ./Core/Src/adc.o
 .debug_macro   0x0000000000000f85       0x2e ./Core/Src/adc.o
 .debug_macro   0x0000000000000fb3       0x28 ./Core/Src/adc.o
 .debug_macro   0x0000000000000fdb       0x22 ./Core/Src/adc.o
 .debug_macro   0x0000000000000ffd       0x8e ./Core/Src/adc.o
 .debug_macro   0x000000000000108b       0x51 ./Core/Src/adc.o
 .debug_macro   0x00000000000010dc      0x103 ./Core/Src/adc.o
 .debug_macro   0x00000000000011df       0x6a ./Core/Src/adc.o
 .debug_macro   0x0000000000001249      0x1df ./Core/Src/adc.o
 .debug_macro   0x0000000000001428       0x1c ./Core/Src/adc.o
 .debug_macro   0x0000000000001444       0x22 ./Core/Src/adc.o
 .debug_macro   0x0000000000001466       0xfb ./Core/Src/adc.o
 .debug_macro   0x0000000000001561     0x1011 ./Core/Src/adc.o
 .debug_macro   0x0000000000002572      0x11f ./Core/Src/adc.o
 .debug_macro   0x0000000000002691    0x16749 ./Core/Src/adc.o
 .debug_macro   0x0000000000018dda       0x6d ./Core/Src/adc.o
 .debug_macro   0x0000000000018e47     0x368c ./Core/Src/adc.o
 .debug_macro   0x000000000001c4d3      0x174 ./Core/Src/adc.o
 .debug_macro   0x000000000001c647       0x5c ./Core/Src/adc.o
 .debug_macro   0x000000000001c6a3      0xca5 ./Core/Src/adc.o
 .debug_macro   0x000000000001d348      0x9e9 ./Core/Src/adc.o
 .debug_macro   0x000000000001dd31      0x115 ./Core/Src/adc.o
 .debug_macro   0x000000000001de46      0x1a0 ./Core/Src/adc.o
 .debug_macro   0x000000000001dfe6       0xa5 ./Core/Src/adc.o
 .debug_macro   0x000000000001e08b      0x16d ./Core/Src/adc.o
 .debug_macro   0x000000000001e1f8      0x287 ./Core/Src/adc.o
 .debug_macro   0x000000000001e47f       0x5f ./Core/Src/adc.o
 .debug_macro   0x000000000001e4de      0x236 ./Core/Src/adc.o
 .debug_macro   0x000000000001e714      0xb5b ./Core/Src/adc.o
 .debug_macro   0x000000000001f26f      0x38b ./Core/Src/adc.o
 .debug_macro   0x000000000001f5fa      0x17d ./Core/Src/adc.o
 .debug_macro   0x000000000001f777       0xf9 ./Core/Src/adc.o
 .debug_macro   0x000000000001f870      0x40f ./Core/Src/adc.o
 .debug_macro   0x000000000001fc7f      0x132 ./Core/Src/adc.o
 .debug_macro   0x000000000001fdb1      0x29c ./Core/Src/adc.o
 .debug_macro   0x000000000002004d       0x2e ./Core/Src/adc.o
 .debug_macro   0x000000000002007b      0x127 ./Core/Src/adc.o
 .debug_macro   0x00000000000201a2       0xe8 ./Core/Src/adc.o
 .debug_macro   0x000000000002028a       0x89 ./Core/Src/adc.o
 .debug_macro   0x0000000000020313      0x8ed ./Core/Src/adc.o
 .debug_macro   0x0000000000020c00       0x53 ./Core/Src/adc.o
 .debug_macro   0x0000000000020c53      0x2aa ./Core/Src/adc.o
 .debug_macro   0x0000000000020efd      0x126 ./Core/Src/adc.o
 .debug_macro   0x0000000000021023      0x14e ./Core/Src/adc.o
 .debug_macro   0x0000000000021171       0x34 ./Core/Src/adc.o
 .debug_macro   0x00000000000211a5      0x236 ./Core/Src/can.o
 .debug_macro   0x00000000000213db      0x236 ./Core/Src/gpio.o
 .debug_macro   0x0000000000021611      0x262 ./Core/Src/main.o
 .debug_macro   0x0000000000021873      0x22c ./Core/Src/stm32f4xx_hal_msp.o
 .debug_macro   0x0000000000021a9f      0x236 ./Core/Src/stm32f4xx_it.o
 .debug_macro   0x0000000000021cd5      0x200 ./Core/Src/system_stm32f4xx.o
 .debug_macro   0x0000000000021ed5      0x236 ./Core/Src/tim.o
 .debug_macro   0x000000000002210b      0x236 ./Core/Src/usart.o
 .debug_macro   0x0000000000022341      0x260 ./Drivers/STM32F4xx_HAL_Driver/Src/stm32f4xx_hal.o
 .debug_macro   0x00000000000225a1      0x201 ./Drivers/STM32F4xx_HAL_Driver/Src/stm32f4xx_hal_adc.o
 .debug_macro   0x00000000000227a2      0x200 ./Drivers/STM32F4xx_HAL_Driver/Src/stm32f4xx_hal_adc_ex.o
 .debug_macro   0x00000000000229a2      0x20f ./Drivers/STM32F4xx_HAL_Driver/Src/stm32f4xx_hal_can.o
 .debug_macro   0x0000000000022bb1      0x200 ./Drivers/STM32F4xx_HAL_Driver/Src/stm32f4xx_hal_cortex.o
 .debug_macro   0x0000000000022db1      0x206 ./Drivers/STM32F4xx_HAL_Driver/Src/stm32f4xx_hal_dma.o
 .debug_macro   0x0000000000022fb7      0x206 ./Drivers/STM32F4xx_HAL_Driver/Src/stm32f4xx_hal_gpio.o
 .debug_macro   0x00000000000231bd      0x224 ./Drivers/STM32F4xx_HAL_Driver/Src/stm32f4xx_hal_rcc.o
 .debug_macro   0x00000000000233e1      0x200 ./Drivers/STM32F4xx_HAL_Driver/Src/stm32f4xx_hal_rcc_ex.o
 .debug_macro   0x00000000000235e1      0x201 ./Drivers/STM32F4xx_HAL_Driver/Src/stm32f4xx_hal_tim.o
 .debug_macro   0x00000000000237e2      0x200 ./Drivers/STM32F4xx_HAL_Driver/Src/stm32f4xx_hal_tim_ex.o
 .debug_macro   0x00000000000239e2      0x201 ./Drivers/STM32F4xx_HAL_Driver/Src/stm32f4xx_hal_uart.o
 .debug_macro   0x0000000000023be3      0x20f ./Sensors/Src/pitch.o
 .debug_macro   0x0000000000023df2      0x148 ./Sensors/Src/pitch.o
 .debug_macro   0x0000000000023f3a      0x20a ./Sensors/Src/rpm.o
 .debug_macro   0x0000000000024144      0x20a ./Sensors/Src/torque.o

.debug_line     0x0000000000000000    0x16e47
 .debug_line    0x0000000000000000      0x85e ./Core/Src/adc.o
 .debug_line    0x000000000000085e      0x849 ./Core/Src/can.o
 .debug_line    0x00000000000010a7      0x819 ./Core/Src/gpio.o
 .debug_line    0x00000000000018c0      0x898 ./Core/Src/main.o
 .debug_line    0x0000000000002158      0x7dc ./Core/Src/stm32f4xx_hal_msp.o
 .debug_line    0x0000000000002934      0x8fe ./Core/Src/stm32f4xx_it.o
 .debug_line    0x0000000000003232      0x82e ./Core/Src/system_stm32f4xx.o
 .debug_line    0x0000000000003a60      0x8f8 ./Core/Src/tim.o
 .debug_line    0x0000000000004358      0x85a ./Core/Src/usart.o
 .debug_line    0x0000000000004bb2       0x7a ./Core/Startup/startup_stm32f446retx.o
 .debug_line    0x0000000000004c2c      0xa94 ./Drivers/STM32F4xx_HAL_Driver/Src/stm32f4xx_hal.o
 .debug_line    0x00000000000056c0     0x131a ./Drivers/STM32F4xx_HAL_Driver/Src/stm32f4xx_hal_adc.o
 .debug_line    0x00000000000069da      0xf63 ./Drivers/STM32F4xx_HAL_Driver/Src/stm32f4xx_hal_adc_ex.o
 .debug_line    0x000000000000793d     0x120b ./Drivers/STM32F4xx_HAL_Driver/Src/stm32f4xx_hal_can.o
 .debug_line    0x0000000000008b48      0xd60 ./Drivers/STM32F4xx_HAL_Driver/Src/stm32f4xx_hal_cortex.o
 .debug_line    0x00000000000098a8      0xff8 ./Drivers/STM32F4xx_HAL_Driver/Src/stm32f4xx_hal_dma.o
 .debug_line    0x000000000000a8a0      0xbf4 ./Drivers/STM32F4xx_HAL_Driver/Src/stm32f4xx_hal_gpio.o
 .debug_line    0x000000000000b494      0xe17 ./Drivers/STM32F4xx_HAL_Driver/Src/stm32f4xx_hal_rcc.o
 .debug_line    0x000000000000c2ab     0x14b2 ./Drivers/STM32F4xx_HAL_Driver/Src/stm32f4xx_hal_rcc_ex.o
 .debug_line    0x000000000000d75d     0x3820 ./Drivers/STM32F4xx_HAL_Driver/Src/stm32f4xx_hal_tim.o
 .debug_line    0x0000000000010f7d     0x1a90 ./Drivers/STM32F4xx_HAL_Driver/Src/stm32f4xx_hal_tim_ex.o
 .debug_line    0x0000000000012a0d     0x2951 ./Drivers/STM32F4xx_HAL_Driver/Src/stm32f4xx_hal_uart.o
 .debug_line    0x000000000001535e      0xb10 ./Sensors/Src/pitch.o
 .debug_line    0x0000000000015e6e      0x80a ./Sensors/Src/rpm.o
 .debug_line    0x0000000000016678      0x7cf ./Sensors/Src/torque.o

.debug_str      0x0000000000000000    0xdcfa0
 .debug_str     0x0000000000000000    0xd8958 ./Core/Src/adc.o
                                      0xd8cb0 (size before relaxing)
 .debug_str     0x00000000000d8958      0x26c ./Core/Src/can.o
                                      0xd8577 (size before relaxing)
 .debug_str     0x00000000000d8bc4       0x68 ./Core/Src/gpio.o
                                      0xd882a (size before relaxing)
 .debug_str     0x00000000000d8c2c      0x69f ./Core/Src/main.o
                                      0xd8d9d (size before relaxing)
 .debug_str     0x00000000000d92cb       0x2c ./Core/Src/stm32f4xx_hal_msp.o
                                      0xd81fe (size before relaxing)
 .debug_str     0x00000000000d92f7      0x14e ./Core/Src/stm32f4xx_it.o
                                      0xd8ae4 (size before relaxing)
 .debug_str     0x00000000000d9445       0xdb ./Core/Src/system_stm32f4xx.o
                                      0xd7dfa (size before relaxing)
 .debug_str     0x00000000000d9520      0x1e6 ./Core/Src/tim.o
                                      0xd8ee0 (size before relaxing)
 .debug_str     0x00000000000d9706       0x51 ./Core/Src/usart.o
                                      0xd8cf5 (size before relaxing)
 .debug_str     0x00000000000d9757       0x34 ./Core/Startup/startup_stm32f446retx.o
                                         0x92 (size before relaxing)
 .debug_str     0x00000000000d978b      0x60d ./Drivers/STM32F4xx_HAL_Driver/Src/stm32f4xx_hal.o
                                      0xd89bf (size before relaxing)
 .debug_str     0x00000000000d9d98      0x2a2 ./Drivers/STM32F4xx_HAL_Driver/Src/stm32f4xx_hal_adc.o
                                      0xd83c2 (size before relaxing)
 .debug_str     0x00000000000da03a      0x2df ./Drivers/STM32F4xx_HAL_Driver/Src/stm32f4xx_hal_adc_ex.o
                                      0xd8416 (size before relaxing)
 .debug_str     0x00000000000da319      0x58f ./Drivers/STM32F4xx_HAL_Driver/Src/stm32f4xx_hal_can.o
                                      0xd84cf (size before relaxing)
 .debug_str     0x00000000000da8a8      0x333 ./Drivers/STM32F4xx_HAL_Driver/Src/stm32f4xx_hal_cortex.o
                                      0xd86e4 (size before relaxing)
 .debug_str     0x00000000000dabdb      0x2fe ./Drivers/STM32F4xx_HAL_Driver/Src/stm32f4xx_hal_dma.o
                                      0xd81ef (size before relaxing)
 .debug_str     0x00000000000daed9      0x108 ./Drivers/STM32F4xx_HAL_Driver/Src/stm32f4xx_hal_gpio.o
                                      0xd7f75 (size before relaxing)
 .debug_str     0x00000000000dafe1      0x233 ./Drivers/STM32F4xx_HAL_Driver/Src/stm32f4xx_hal_rcc.o
                                      0xd8233 (size before relaxing)
 .debug_str     0x00000000000db214      0x324 ./Drivers/STM32F4xx_HAL_Driver/Src/stm32f4xx_hal_rcc_ex.o
                                      0xd8266 (size before relaxing)
 .debug_str     0x00000000000db538      0xd06 ./Drivers/STM32F4xx_HAL_Driver/Src/stm32f4xx_hal_tim.o
                                      0xd915f (size before relaxing)
 .debug_str     0x00000000000dc23e      0x493 ./Drivers/STM32F4xx_HAL_Driver/Src/stm32f4xx_hal_tim_ex.o
                                      0xd896b (size before relaxing)
 .debug_str     0x00000000000dc6d1      0x5e9 ./Drivers/STM32F4xx_HAL_Driver/Src/stm32f4xx_hal_uart.o
                                      0xd87ea (size before relaxing)
 .debug_str     0x00000000000dccba      0x279 ./Sensors/Src/pitch.o
                                      0xd884a (size before relaxing)
 .debug_str     0x00000000000dcf33       0x3d ./Sensors/Src/rpm.o
                                      0xd81c0 (size before relaxing)
 .debug_str     0x00000000000dcf70       0x30 ./Sensors/Src/torque.o
                                      0xd80a0 (size before relaxing)

.debug_frame    0x0000000000000000     0x4618
 .debug_frame   0x0000000000000000       0x7c ./Core/Src/adc.o
 .debug_frame   0x000000000000007c       0x74 ./Core/Src/can.o
 .debug_frame   0x00000000000000f0       0x34 ./Core/Src/gpio.o
 .debug_frame   0x0000000000000124       0x6c ./Core/Src/main.o
 .debug_frame   0x0000000000000190       0x38 ./Core/Src/stm32f4xx_hal_msp.o
 .debug_frame   0x00000000000001c8      0x174 ./Core/Src/stm32f4xx_it.o
 .debug_frame   0x000000000000033c       0x58 ./Core/Src/system_stm32f4xx.o
 .debug_frame   0x0000000000000394       0xa0 ./Core/Src/tim.o
 .debug_frame   0x0000000000000434       0x74 ./Core/Src/usart.o
 .debug_frame   0x00000000000004a8      0x374 ./Drivers/STM32F4xx_HAL_Driver/Src/stm32f4xx_hal.o
 .debug_frame   0x000000000000081c      0x3fc ./Drivers/STM32F4xx_HAL_Driver/Src/stm32f4xx_hal_adc.o
 .debug_frame   0x0000000000000c18      0x250 ./Drivers/STM32F4xx_HAL_Driver/Src/stm32f4xx_hal_adc_ex.o
 .debug_frame   0x0000000000000e68      0x5a0 ./Drivers/STM32F4xx_HAL_Driver/Src/stm32f4xx_hal_can.o
 .debug_frame   0x0000000000001408      0x4b8 ./Drivers/STM32F4xx_HAL_Driver/Src/stm32f4xx_hal_cortex.o
 .debug_frame   0x00000000000018c0      0x250 ./Drivers/STM32F4xx_HAL_Driver/Src/stm32f4xx_hal_dma.o
 .debug_frame   0x0000000000001b10      0x14c ./Drivers/STM32F4xx_HAL_Driver/Src/stm32f4xx_hal_gpio.o
 .debug_frame   0x0000000000001c5c      0x1f4 ./Drivers/STM32F4xx_HAL_Driver/Src/stm32f4xx_hal_rcc.o
 .debug_frame   0x0000000000001e50      0x1e8 ./Drivers/STM32F4xx_HAL_Driver/Src/stm32f4xx_hal_rcc_ex.o
 .debug_frame   0x0000000000002038     0x11c0 ./Drivers/STM32F4xx_HAL_Driver/Src/stm32f4xx_hal_tim.o
 .debug_frame   0x00000000000031f8      0x638 ./Drivers/STM32F4xx_HAL_Driver/Src/stm32f4xx_hal_tim_ex.o
 .debug_frame   0x0000000000003830      0x954 ./Drivers/STM32F4xx_HAL_Driver/Src/stm32f4xx_hal_uart.o
 .debug_frame   0x0000000000004184      0x334 ./Sensors/Src/pitch.o
 .debug_frame   0x00000000000044b8       0x60 ./Sensors/Src/rpm.o
 .debug_frame   0x0000000000004518       0x54 ./Sensors/Src/torque.o
 .debug_frame   0x000000000000456c       0x20 C:/ST/STM32CubeIDE_1.14.1/STM32CubeIDE/plugins/com.st.stm32cube.ide.mcu.externaltools.gnu-tools-for-stm32.11.3.rel1.win32_1.1.100.202309141235/tools/bin/../lib/gcc/arm-none-eabi/11.3.1/../../../../arm-none-eabi/lib/thumb/v7e-m+fp/hard\libc_nano.a(libc_a-memset.o)
 .debug_frame   0x000000000000458c       0x2c C:/ST/STM32CubeIDE_1.14.1/STM32CubeIDE/plugins/com.st.stm32cube.ide.mcu.externaltools.gnu-tools-for-stm32.11.3.rel1.win32_1.1.100.202309141235/tools/bin/../lib/gcc/arm-none-eabi/11.3.1/../../../../arm-none-eabi/lib/thumb/v7e-m+fp/hard\libc_nano.a(libc_a-init.o)
 .debug_frame   0x00000000000045b8       0x2c C:/ST/STM32CubeIDE_1.14.1/STM32CubeIDE/plugins/com.st.stm32cube.ide.mcu.externaltools.gnu-tools-for-stm32.11.3.rel1.win32_1.1.100.202309141235/tools/bin/../lib/gcc/arm-none-eabi/11.3.1/thumb/v7e-m+fp/hard\libgcc.a(_aeabi_uldivmod.o)
 .debug_frame   0x00000000000045e4       0x34 C:/ST/STM32CubeIDE_1.14.1/STM32CubeIDE/plugins/com.st.stm32cube.ide.mcu.externaltools.gnu-tools-for-stm32.11.3.rel1.win32_1.1.100.202309141235/tools/bin/../lib/gcc/arm-none-eabi/11.3.1/thumb/v7e-m+fp/hard\libgcc.a(_udivmoddi4.o)

.debug_line_str
                0x0000000000000000       0x86
 .debug_line_str
                0x0000000000000000       0x86 ./Core/Startup/startup_stm32f446retx.o
                                         0x9e (size before relaxing)
